{"timestamp":"2026-08-31T18:12:30.921012","level":"info","event":"DAG bundles loaded: dags-folder","logger":"airflow.dag_processing.bundles.manager.DagBundlesManager"}
{"timestamp":"2026-08-31T18:12:30.939560","level":"info","event":"Filling up the DagBag from /opt/airflow/dags/zomato_batch.py","logger":"airflow.models.dagbag.DagBag"}
{"timestamp":"2026-08-31T18:12:32.873400","level":"info","event":"Executing: ['USE WAREHOUSE ZOMATO_WH', \"COPY INTO ZOMATO.RAW.restaurants FROM @ZOMATO.RAW.ZOMATO_RAW_STAGE/restaurants/  ON_ERROR='CONTINUE'\", \"COPY INTO ZOMATO.RAW.users       FROM @ZOMATO.RAW.ZOMATO_RAW_STAGE/users/        ON_ERROR='CONTINUE'\", \"COPY INTO ZOMATO.RAW.food        FROM @ZOMATO.RAW.ZOMATO_RAW_STAGE/food/         ON_ERROR='CONTINUE'\", \"COPY INTO ZOMATO.RAW.menu        FROM @ZOMATO.RAW.ZOMATO_RAW_STAGE/menu/         ON_ERROR='CONTINUE'\", 'COPY INTO ZOMATO.RAW.orders      FROM @ZOMATO.RAW.ZOMATO_RAW_STAGE/orders/', 'COPY INTO ZOMATO.RAW.order_items FROM @ZOMATO.RAW.ZOMATO_RAW_STAGE/order_items/', 'COPY INTO ZOMATO.RAW.reviews     FROM @ZOMATO.RAW.ZOMATO_RAW_STAGE/reviews/']","logger":"airflow.task.operators.airflow.providers.common.sql.operators.sql.SQLExecuteQueryOperator"}
{"timestamp":"2026-08-31T18:12:32.962306","level":"warning","event":"empty cryptography key - values will not be stored encrypted.","logger":"airflow.models.crypto"}
{"timestamp":"2026-08-31T18:12:32.986154","level":"info","event":"Connection Retrieved 'snowflake_default'","logger":"airflow.hooks.base"}
{"timestamp":"2026-08-31T18:12:45.583764","level":"info","event":"Connection Retrieved 'snowflake_default'","logger":"airflow.hooks.base"}
{"timestamp":"2026-08-31T18:12:45.584303","level":"info","event":"Snowflake Connector for Python Version: 3.16.0, Python Version: 3.12.11, Platform: Linux-6.18.33.2-microsoft-standard-WSL2-x86_64-with-glibc2.36","logger":"snowflake.connector.connection"}
{"timestamp":"2026-08-31T18:12:45.584895","level":"info","event":"Connecting to GLOBAL Snowflake domain","logger":"snowflake.connector.connection"}
{"timestamp":"2026-08-31T18:12:48.473918","level":"info","event":"Running statement: USE WAREHOUSE ZOMATO_WH, parameters: None","logger":"airflow.task.hooks.airflow.providers.snowflake.hooks.snowflake.SnowflakeHook"}
{"timestamp":"2026-08-31T18:12:48.474102","level":"info","event":"Running statement: USE WAREHOUSE ZOMATO_WH, parameters: None","logger":"airflow.task.hooks.airflow.providers.snowflake.hooks.snowflake.SnowflakeHook"}
{"timestamp":"2026-08-31T18:12:48.612155","level":"info","event":"Rows affected: 1","logger":"airflow.task.hooks.airflow.providers.snowflake.hooks.snowflake.SnowflakeHook"}
{"timestamp":"2026-08-31T18:12:48.612993","level":"info","event":"Rows affected: 1","logger":"airflow.task.hooks.airflow.providers.snowflake.hooks.snowflake.SnowflakeHook"}
{"timestamp":"2026-08-31T18:12:48.613096","level":"info","event":"Snowflake query id: 01c6c344-000d-f19b-0001-d7160009414a","logger":"airflow.task.hooks.airflow.providers.snowflake.hooks.snowflake.SnowflakeHook"}
{"timestamp":"2026-08-31T18:12:48.613166","level":"info","event":"Running statement: COPY INTO ZOMATO.RAW.restaurants FROM @ZOMATO.RAW.ZOMATO_RAW_STAGE/restaurants/  ON_ERROR='CONTINUE', parameters: None","logger":"airflow.task.hooks.airflow.providers.snowflake.hooks.snowflake.SnowflakeHook"}
{"timestamp":"2026-08-31T18:12:48.613228","level":"info","event":"Running statement: COPY INTO ZOMATO.RAW.restaurants FROM @ZOMATO.RAW.ZOMATO_RAW_STAGE/restaurants/  ON_ERROR='CONTINUE', parameters: None","logger":"airflow.task.hooks.airflow.providers.snowflake.hooks.snowflake.SnowflakeHook"}
{"timestamp":"2026-08-31T18:12:49.532015","level":"info","event":"Rows affected: 1","logger":"airflow.task.hooks.airflow.providers.snowflake.hooks.snowflake.SnowflakeHook"}
{"timestamp":"2026-08-31T18:12:49.532338","level":"info","event":"Rows affected: 1","logger":"airflow.task.hooks.airflow.providers.snowflake.hooks.snowflake.SnowflakeHook"}
{"timestamp":"2026-08-31T18:12:49.532421","level":"info","event":"Snowflake query id: 01c6c344-000d-f188-0001-d71600095156","logger":"airflow.task.hooks.airflow.providers.snowflake.hooks.snowflake.SnowflakeHook"}
{"timestamp":"2026-08-31T18:12:49.532513","level":"info","event":"Running statement: COPY INTO ZOMATO.RAW.users       FROM @ZOMATO.RAW.ZOMATO_RAW_STAGE/users/        ON_ERROR='CONTINUE', parameters: None","logger":"airflow.task.hooks.airflow.providers.snowflake.hooks.snowflake.SnowflakeHook"}
{"timestamp":"2026-08-31T18:12:49.532624","level":"info","event":"Running statement: COPY INTO ZOMATO.RAW.users       FROM @ZOMATO.RAW.ZOMATO_RAW_STAGE/users/        ON_ERROR='CONTINUE', parameters: None","logger":"airflow.task.hooks.airflow.providers.snowflake.hooks.snowflake.SnowflakeHook"}
{"timestamp":"2026-08-31T18:12:50.457226","level":"info","event":"Rows affected: 1","logger":"airflow.task.hooks.airflow.providers.snowflake.hooks.snowflake.SnowflakeHook"}
{"timestamp":"2026-08-31T18:12:50.457513","level":"info","event":"Rows affected: 1","logger":"airflow.task.hooks.airflow.providers.snowflake.hooks.snowflake.SnowflakeHook"}
{"timestamp":"2026-08-31T18:12:50.457624","level":"info","event":"Snowflake query id: 01c6c344-000d-f154-0001-d71600092176","logger":"airflow.task.hooks.airflow.providers.snowflake.hooks.snowflake.SnowflakeHook"}
{"timestamp":"2026-08-31T18:12:50.457725","level":"info","event":"Running statement: COPY INTO ZOMATO.RAW.food        FROM @ZOMATO.RAW.ZOMATO_RAW_STAGE/food/         ON_ERROR='CONTINUE', parameters: None","logger":"airflow.task.hooks.airflow.providers.snowflake.hooks.snowflake.SnowflakeHook"}
{"timestamp":"2026-08-31T18:12:50.458140","level":"info","event":"Running statement: COPY INTO ZOMATO.RAW.food        FROM @ZOMATO.RAW.ZOMATO_RAW_STAGE/food/         ON_ERROR='CONTINUE', parameters: None","logger":"airflow.task.hooks.airflow.providers.snowflake.hooks.snowflake.SnowflakeHook"}
{"timestamp":"2026-08-31T18:12:50.951093","level":"info","event":"Rows affected: 1","logger":"airflow.task.hooks.airflow.providers.snowflake.hooks.snowflake.SnowflakeHook"}
{"timestamp":"2026-08-31T18:12:50.951509","level":"info","event":"Rows affected: 1","logger":"airflow.task.hooks.airflow.providers.snowflake.hooks.snowflake.SnowflakeHook"}
{"timestamp":"2026-08-31T18:12:50.951684","level":"info","event":"Snowflake query id: 01c6c344-000d-f154-0001-d7160009217a","logger":"airflow.task.hooks.airflow.providers.snowflake.hooks.snowflake.SnowflakeHook"}
{"timestamp":"2026-08-31T18:12:50.951992","level":"info","event":"Running statement: COPY INTO ZOMATO.RAW.menu        FROM @ZOMATO.RAW.ZOMATO_RAW_STAGE/menu/         ON_ERROR='CONTINUE', parameters: None","logger":"airflow.task.hooks.airflow.providers.snowflake.hooks.snowflake.SnowflakeHook"}
{"timestamp":"2026-08-31T18:12:50.952090","level":"info","event":"Running statement: COPY INTO ZOMATO.RAW.menu        FROM @ZOMATO.RAW.ZOMATO_RAW_STAGE/menu/         ON_ERROR='CONTINUE', parameters: None","logger":"airflow.task.hooks.airflow.providers.snowflake.hooks.snowflake.SnowflakeHook"}
{"timestamp":"2026-08-31T18:12:51.670825","level":"info","event":"Rows affected: 1","logger":"airflow.task.hooks.airflow.providers.snowflake.hooks.snowflake.SnowflakeHook"}
{"timestamp":"2026-08-31T18:12:51.671060","level":"info","event":"Rows affected: 1","logger":"airflow.task.hooks.airflow.providers.snowflake.hooks.snowflake.SnowflakeHook"}
{"timestamp":"2026-08-31T18:12:51.671155","level":"info","event":"Snowflake query id: 01c6c344-000d-f189-0001-d716000901ce","logger":"airflow.task.hooks.airflow.providers.snowflake.hooks.snowflake.SnowflakeHook"}
{"timestamp":"2026-08-31T18:12:51.671247","level":"info","event":"Running statement: COPY INTO ZOMATO.RAW.orders      FROM @ZOMATO.RAW.ZOMATO_RAW_STAGE/orders/, parameters: None","logger":"airflow.task.hooks.airflow.providers.snowflake.hooks.snowflake.SnowflakeHook"}
{"timestamp":"2026-08-31T18:12:51.671315","level":"info","event":"Running statement: COPY INTO ZOMATO.RAW.orders      FROM @ZOMATO.RAW.ZOMATO_RAW_STAGE/orders/, parameters: None","logger":"airflow.task.hooks.airflow.providers.snowflake.hooks.snowflake.SnowflakeHook"}
{"timestamp":"2026-08-31T18:12:52.506373","level":"info","event":"Rows affected: 1","logger":"airflow.task.hooks.airflow.providers.snowflake.hooks.snowflake.SnowflakeHook"}
{"timestamp":"2026-08-31T18:12:52.506735","level":"info","event":"Rows affected: 1","logger":"airflow.task.hooks.airflow.providers.snowflake.hooks.snowflake.SnowflakeHook"}
{"timestamp":"2026-08-31T18:12:52.506892","level":"info","event":"Snowflake query id: 01c6c344-000d-f19b-0001-d7160009414e","logger":"airflow.task.hooks.airflow.providers.snowflake.hooks.snowflake.SnowflakeHook"}
{"timestamp":"2026-08-31T18:12:52.507025","level":"info","event":"Running statement: COPY INTO ZOMATO.RAW.order_items FROM @ZOMATO.RAW.ZOMATO_RAW_STAGE/order_items/, parameters: None","logger":"airflow.task.hooks.airflow.providers.snowflake.hooks.snowflake.SnowflakeHook"}
{"timestamp":"2026-08-31T18:12:52.507139","level":"info","event":"Running statement: COPY INTO ZOMATO.RAW.order_items FROM @ZOMATO.RAW.ZOMATO_RAW_STAGE/order_items/, parameters: None","logger":"airflow.task.hooks.airflow.providers.snowflake.hooks.snowflake.SnowflakeHook"}
{"timestamp":"2026-08-31T18:12:52.944435","level":"info","event":"Rows affected: 1","logger":"airflow.task.hooks.airflow.providers.snowflake.hooks.snowflake.SnowflakeHook"}
{"timestamp":"2026-08-31T18:12:52.944835","level":"info","event":"Rows affected: 1","logger":"airflow.task.hooks.airflow.providers.snowflake.hooks.snowflake.SnowflakeHook"}
{"timestamp":"2026-08-31T18:12:52.944975","level":"info","event":"Snowflake query id: 01c6c344-000d-f154-0001-d7160009217e","logger":"airflow.task.hooks.airflow.providers.snowflake.hooks.snowflake.SnowflakeHook"}
{"timestamp":"2026-08-31T18:12:52.945104","level":"info","event":"Running statement: COPY INTO ZOMATO.RAW.reviews     FROM @ZOMATO.RAW.ZOMATO_RAW_STAGE/reviews/, parameters: None","logger":"airflow.task.hooks.airflow.providers.snowflake.hooks.snowflake.SnowflakeHook"}
{"timestamp":"2026-08-31T18:12:52.945218","level":"info","event":"Running statement: COPY INTO ZOMATO.RAW.reviews     FROM @ZOMATO.RAW.ZOMATO_RAW_STAGE/reviews/, parameters: None","logger":"airflow.task.hooks.airflow.providers.snowflake.hooks.snowflake.SnowflakeHook"}
{"timestamp":"2026-08-31T18:12:53.410470","level":"info","event":"Rows affected: 1","logger":"airflow.task.hooks.airflow.providers.snowflake.hooks.snowflake.SnowflakeHook"}
{"timestamp":"2026-08-31T18:12:53.410942","level":"info","event":"Rows affected: 1","logger":"airflow.task.hooks.airflow.providers.snowflake.hooks.snowflake.SnowflakeHook"}
{"timestamp":"2026-08-31T18:12:53.411121","level":"info","event":"Snowflake query id: 01c6c344-000d-f188-0001-d7160009516a","logger":"airflow.task.hooks.airflow.providers.snowflake.hooks.snowflake.SnowflakeHook"}
{"timestamp":"2026-08-31T18:12:53.765726","level":"info","event":"result: [[('Statement executed successfully.',)], [('Copy executed with 0 files processed.',)], [('Copy executed with 0 files processed.',)], [('Copy executed with 0 files processed.',)], [('Copy executed with 0 files processed.',)], [('Copy executed with 0 files processed.',)], [('Copy executed with 0 files processed.',)], [('Copy executed with 0 files processed.',)]]","logger":"airflow.task.operators.airflow.providers.common.sql.operators.sql.SQLExecuteQueryOperator"}
{"timestamp":"2026-08-31T18:12:53.766644","level":"info","event":"Pushing xcom","ti":"RuntimeTaskInstance(id=UUID('01a05905-c9ba-73f0-a57c-e5c94de48e30'), task_id='reload_raw', dag_id='zomato_batch', run_id='__airflow_temporary_run_2026-08-31T18:12:26.605156+00:00__', try_number=1, map_index=-1, hostname='eec088fab681', context_carrier=None, task=<Task(SQLExecuteQueryOperator): reload_raw>, bundle_instance=LocalDagBundle(name=dags-folder), max_tries=0, start_date=datetime.datetime(2026, 8, 31, 18, 12, 28, 728934, tzinfo=datetime.timezone.utc), end_date=None, state=<TaskInstanceState.RUNNING: 'running'>, is_mapped=False, rendered_map_index=None, log_url='http://localhost:8080/dags/zomato_batch/runs/__airflow_temporary_run_2026-08-31T18%3A12%3A26.605156%2B00%3A00__/tasks/reload_raw?try_number=1')","logger":"task"}
