{"timestamp":"2026-08-31T18:18:43.035935","level":"info","event":"DAG bundles loaded: dags-folder","logger":"airflow.dag_processing.bundles.manager.DagBundlesManager"}
{"timestamp":"2026-08-31T18:18:43.038555","level":"info","event":"Filling up the DagBag from /opt/airflow/dags/zomato_batch.py","logger":"airflow.models.dagbag.DagBag"}
{"timestamp":"2026-08-31T18:18:43.199104","level":"info","event":"Tmp dir root location: /tmp","logger":"airflow.task.hooks.airflow.providers.standard.hooks.subprocess.SubprocessHook"}
{"timestamp":"2026-08-31T18:18:43.208191","level":"info","event":"Running command: ['/usr/bin/bash', '-c', '/opt/airflow/dbt_venv/bin/dbt build --exclude tag:ai --project-dir /opt/airflow/dbt/zomato --profiles-dir /opt/airflow/dbt/zomato']","logger":"airflow.task.hooks.airflow.providers.standard.hooks.subprocess.SubprocessHook"}
{"timestamp":"2026-08-31T18:18:43.243582","level":"info","event":"Output:","logger":"airflow.task.hooks.airflow.providers.standard.hooks.subprocess.SubprocessHook"}
{"timestamp":"2026-08-31T18:18:49.259185","level":"info","event":"\u001b[0m18:18:49  Running with dbt=1.12.3","logger":"airflow.task.hooks.airflow.providers.standard.hooks.subprocess.SubprocessHook"}
{"timestamp":"2026-08-31T18:18:50.416694","level":"info","event":"\u001b[0m18:18:50  Registered adapter: snowflake=1.8.4","logger":"airflow.task.hooks.airflow.providers.standard.hooks.subprocess.SubprocessHook"}
{"timestamp":"2026-08-31T18:18:51.109914","level":"info","event":"\u001b[0m18:18:51  [\u001b[33mWARNING\u001b[0m]: Configuration paths exist in your dbt_project.yml file which do not apply to any resources.","logger":"airflow.task.hooks.airflow.providers.standard.hooks.subprocess.SubprocessHook"}
{"timestamp":"2026-08-31T18:18:51.110481","level":"info","event":"There are 1 unused configuration paths:","logger":"airflow.task.hooks.airflow.providers.standard.hooks.subprocess.SubprocessHook"}
{"timestamp":"2026-08-31T18:18:51.110681","level":"info","event":"- snapshots.zomato","logger":"airflow.task.hooks.airflow.providers.standard.hooks.subprocess.SubprocessHook"}
{"timestamp":"2026-08-31T18:18:51.485408","level":"info","event":"\u001b[0m18:18:51  Found 16 models, 15 data tests, 7 sources, 506 macros","logger":"airflow.task.hooks.airflow.providers.standard.hooks.subprocess.SubprocessHook"}
{"timestamp":"2026-08-31T18:18:51.490295","level":"info","event":"\u001b[0m18:18:51  [\u001b[33mWARNING\u001b[0m]: The selection criterion 'tag:ai' does not match any enabled nodes","logger":"airflow.task.hooks.airflow.providers.standard.hooks.subprocess.SubprocessHook"}
{"timestamp":"2026-08-31T18:18:51.493896","level":"info","event":"\u001b[0m18:18:51","logger":"airflow.task.hooks.airflow.providers.standard.hooks.subprocess.SubprocessHook"}
{"timestamp":"2026-08-31T18:18:51.495838","level":"info","event":"\u001b[0m18:18:51  Concurrency: 8 threads (target='dev')","logger":"airflow.task.hooks.airflow.providers.standard.hooks.subprocess.SubprocessHook"}
{"timestamp":"2026-08-31T18:18:51.497367","level":"info","event":"\u001b[0m18:18:51","logger":"airflow.task.hooks.airflow.providers.standard.hooks.subprocess.SubprocessHook"}
{"timestamp":"2026-08-31T18:18:56.648252","level":"info","event":"\u001b[0m18:18:56  1 of 30 START sql table model marts.dim_date ................................... [RUN]","logger":"airflow.task.hooks.airflow.providers.standard.hooks.subprocess.SubprocessHook"}
{"timestamp":"2026-08-31T18:18:56.653379","level":"info","event":"\u001b[0m18:18:56  2 of 30 START sql view model staging.stg_food .................................. [RUN]","logger":"airflow.task.hooks.airflow.providers.standard.hooks.subprocess.SubprocessHook"}
{"timestamp":"2026-08-31T18:18:56.657342","level":"info","event":"\u001b[0m18:18:56  3 of 30 START sql view model staging.stg_menu .................................. [RUN]","logger":"airflow.task.hooks.airflow.providers.standard.hooks.subprocess.SubprocessHook"}
{"timestamp":"2026-08-31T18:18:56.660438","level":"info","event":"\u001b[0m18:18:56  4 of 30 START sql view model staging.stg_order_item ............................ [RUN]","logger":"airflow.task.hooks.airflow.providers.standard.hooks.subprocess.SubprocessHook"}
{"timestamp":"2026-08-31T18:18:56.664141","level":"info","event":"\u001b[0m18:18:56  6 of 30 START sql view model staging.stg_restaurants ........................... [RUN]","logger":"airflow.task.hooks.airflow.providers.standard.hooks.subprocess.SubprocessHook"}
{"timestamp":"2026-08-31T18:18:56.667126","level":"info","event":"\u001b[0m18:18:56  7 of 30 START sql view model staging.stg_user .................................. [RUN]","logger":"airflow.task.hooks.airflow.providers.standard.hooks.subprocess.SubprocessHook"}
{"timestamp":"2026-08-31T18:18:56.669702","level":"info","event":"\u001b[0m18:18:56  5 of 30 START sql view model staging.stg_orders ................................ [RUN]","logger":"airflow.task.hooks.airflow.providers.standard.hooks.subprocess.SubprocessHook"}
{"timestamp":"2026-08-31T18:18:59.152717","level":"info","event":"\u001b[0m18:18:59  7 of 30 OK created sql view model staging.stg_user ............................. [\u001b[32mSUCCESS 1\u001b[0m in 2.47s]","logger":"airflow.task.hooks.airflow.providers.standard.hooks.subprocess.SubprocessHook"}
{"timestamp":"2026-08-31T18:18:59.161453","level":"info","event":"\u001b[0m18:18:59  8 of 30 START test not_null_stg_user_customer_id ............................... [RUN]","logger":"airflow.task.hooks.airflow.providers.standard.hooks.subprocess.SubprocessHook"}
{"timestamp":"2026-08-31T18:18:59.166008","level":"info","event":"\u001b[0m18:18:59  9 of 30 START test unique_stg_user_customer_id ................................. [RUN]","logger":"airflow.task.hooks.airflow.providers.standard.hooks.subprocess.SubprocessHook"}
{"timestamp":"2026-08-31T18:18:59.301142","level":"info","event":"\u001b[0m18:18:59  5 of 30 OK created sql view model staging.stg_orders ........................... [\u001b[32mSUCCESS 1\u001b[0m in 2.60s]","logger":"airflow.task.hooks.airflow.providers.standard.hooks.subprocess.SubprocessHook"}
{"timestamp":"2026-08-31T18:18:59.313304","level":"info","event":"\u001b[0m18:18:59  6 of 30 OK created sql view model staging.stg_restaurants ...................... [\u001b[32mSUCCESS 1\u001b[0m in 2.62s]","logger":"airflow.task.hooks.airflow.providers.standard.hooks.subprocess.SubprocessHook"}
{"timestamp":"2026-08-31T18:18:59.323837","level":"info","event":"\u001b[0m18:18:59  2 of 30 OK created sql view model staging.stg_food ............................. [\u001b[32mSUCCESS 1\u001b[0m in 2.64s]","logger":"airflow.task.hooks.airflow.providers.standard.hooks.subprocess.SubprocessHook"}
{"timestamp":"2026-08-31T18:18:59.333803","level":"info","event":"\u001b[0m18:18:59  10 of 30 START test not_null_stg_orders_customer_id ............................ [RUN]","logger":"airflow.task.hooks.airflow.providers.standard.hooks.subprocess.SubprocessHook"}
{"timestamp":"2026-08-31T18:18:59.345154","level":"info","event":"\u001b[0m18:18:59  11 of 30 START test not_null_stg_orders_order_id ............................... [RUN]","logger":"airflow.task.hooks.airflow.providers.standard.hooks.subprocess.SubprocessHook"}
{"timestamp":"2026-08-31T18:18:59.365509","level":"info","event":"\u001b[0m18:18:59  12 of 30 START test not_null_stg_orders_restaurant_id .......................... [RUN]","logger":"airflow.task.hooks.airflow.providers.standard.hooks.subprocess.SubprocessHook"}
{"timestamp":"2026-08-31T18:18:59.473738","level":"info","event":"\u001b[0m18:18:59  1 of 30 OK created sql table model marts.dim_date .............................. [\u001b[32mSUCCESS 1\u001b[0m in 2.78s]","logger":"airflow.task.hooks.airflow.providers.standard.hooks.subprocess.SubprocessHook"}
{"timestamp":"2026-08-31T18:18:59.516854","level":"info","event":"\u001b[0m18:18:59  4 of 30 OK created sql view model staging.stg_order_item ....................... [\u001b[32mSUCCESS 1\u001b[0m in 2.81s]","logger":"airflow.task.hooks.airflow.providers.standard.hooks.subprocess.SubprocessHook"}
{"timestamp":"2026-08-31T18:18:59.541732","level":"info","event":"\u001b[0m18:18:59  13 of 30 START test unique_stg_orders_order_id ................................. [RUN]","logger":"airflow.task.hooks.airflow.providers.standard.hooks.subprocess.SubprocessHook"}
{"timestamp":"2026-08-31T18:18:59.553651","level":"info","event":"\u001b[0m18:18:59  14 of 30 START test not_null_stg_restaurants_restaurant_id ..................... [RUN]","logger":"airflow.task.hooks.airflow.providers.standard.hooks.subprocess.SubprocessHook"}
{"timestamp":"2026-08-31T18:18:59.683597","level":"info","event":"\u001b[0m18:18:59  3 of 30 OK created sql view model staging.stg_menu ............................. [\u001b[32mSUCCESS 1\u001b[0m in 3.00s]","logger":"airflow.task.hooks.airflow.providers.standard.hooks.subprocess.SubprocessHook"}
{"timestamp":"2026-08-31T18:18:59.725704","level":"info","event":"\u001b[0m18:18:59  15 of 30 START test unique_stg_restaurants_restaurant_id ....................... [RUN]","logger":"airflow.task.hooks.airflow.providers.standard.hooks.subprocess.SubprocessHook"}
{"timestamp":"2026-08-31T18:19:01.090873","level":"info","event":"\u001b[0m18:19:01  8 of 30 PASS not_null_stg_user_customer_id ..................................... [\u001b[32mPASS\u001b[0m in 1.92s]","logger":"airflow.task.hooks.airflow.providers.standard.hooks.subprocess.SubprocessHook"}
{"timestamp":"2026-08-31T18:19:01.095004","level":"info","event":"\u001b[0m18:19:01  16 of 30 START sql table model marts.dim_food .................................. [RUN]","logger":"airflow.task.hooks.airflow.providers.standard.hooks.subprocess.SubprocessHook"}
{"timestamp":"2026-08-31T18:19:01.344052","level":"info","event":"\u001b[0m18:19:01  9 of 30 PASS unique_stg_user_customer_id ....................................... [\u001b[32mPASS\u001b[0m in 2.17s]","logger":"airflow.task.hooks.airflow.providers.standard.hooks.subprocess.SubprocessHook"}
{"timestamp":"2026-08-31T18:19:01.349048","level":"info","event":"\u001b[0m18:19:01  17 of 30 START test not_null_stg_order_item_order_item_id ...................... [RUN]","logger":"airflow.task.hooks.airflow.providers.standard.hooks.subprocess.SubprocessHook"}
{"timestamp":"2026-08-31T18:19:01.652866","level":"info","event":"\u001b[0m18:19:01  12 of 30 PASS not_null_stg_orders_restaurant_id ................................ [\u001b[32mPASS\u001b[0m in 2.25s]","logger":"airflow.task.hooks.airflow.providers.standard.hooks.subprocess.SubprocessHook"}
{"timestamp":"2026-08-31T18:19:01.661090","level":"info","event":"\u001b[0m18:19:01  18 of 30 START test unique_stg_order_item_order_item_id ........................ [RUN]","logger":"airflow.task.hooks.airflow.providers.standard.hooks.subprocess.SubprocessHook"}
{"timestamp":"2026-08-31T18:19:01.700919","level":"info","event":"\u001b[0m18:19:01  11 of 30 PASS not_null_stg_orders_order_id ..................................... [\u001b[32mPASS\u001b[0m in 2.33s]","logger":"airflow.task.hooks.airflow.providers.standard.hooks.subprocess.SubprocessHook"}
{"timestamp":"2026-08-31T18:19:01.713197","level":"info","event":"\u001b[0m18:19:01  19 of 30 START sql table model marts.dim_customers ............................. [RUN]","logger":"airflow.task.hooks.airflow.providers.standard.hooks.subprocess.SubprocessHook"}
{"timestamp":"2026-08-31T18:19:01.963599","level":"info","event":"\u001b[0m18:19:01  14 of 30 PASS not_null_stg_restaurants_restaurant_id ........................... [\u001b[32mPASS\u001b[0m in 2.40s]","logger":"airflow.task.hooks.airflow.providers.standard.hooks.subprocess.SubprocessHook"}
{"timestamp":"2026-08-31T18:19:01.976938","level":"info","event":"\u001b[0m18:19:01  10 of 30 PASS not_null_stg_orders_customer_id .................................. [\u001b[32mPASS\u001b[0m in 2.63s]","logger":"airflow.task.hooks.airflow.providers.standard.hooks.subprocess.SubprocessHook"}
{"timestamp":"2026-08-31T18:19:01.985486","level":"info","event":"\u001b[0m18:19:01  15 of 30 PASS unique_stg_restaurants_restaurant_id ............................. [\u001b[32mPASS\u001b[0m in 2.21s]","logger":"airflow.task.hooks.airflow.providers.standard.hooks.subprocess.SubprocessHook"}
{"timestamp":"2026-08-31T18:19:01.991602","level":"info","event":"\u001b[0m18:19:01  20 of 30 START sql table model marts.dim_restuarant ............................ [RUN]","logger":"airflow.task.hooks.airflow.providers.standard.hooks.subprocess.SubprocessHook"}
{"timestamp":"2026-08-31T18:19:01.993346","level":"info","event":"\u001b[0m18:19:01  21 of 30 START sql view model staging.stg_reviews .............................. [RUN]","logger":"airflow.task.hooks.airflow.providers.standard.hooks.subprocess.SubprocessHook"}
{"timestamp":"2026-08-31T18:19:02.114630","level":"info","event":"\u001b[0m18:19:02  13 of 30 PASS unique_stg_orders_order_id ....................................... [\u001b[32mPASS\u001b[0m in 2.56s]","logger":"airflow.task.hooks.airflow.providers.standard.hooks.subprocess.SubprocessHook"}
{"timestamp":"2026-08-31T18:19:02.139269","level":"info","event":"\u001b[0m18:19:02  22 of 30 START sql incremental model marts.fct_orders .......................... [RUN]","logger":"airflow.task.hooks.airflow.providers.standard.hooks.subprocess.SubprocessHook"}
{"timestamp":"2026-08-31T18:19:03.570041","level":"info","event":"\u001b[0m18:19:03  17 of 30 PASS not_null_stg_order_item_order_item_id ............................ [\u001b[32mPASS\u001b[0m in 2.22s]","logger":"airflow.task.hooks.airflow.providers.standard.hooks.subprocess.SubprocessHook"}
{"timestamp":"2026-08-31T18:19:04.103901","level":"info","event":"\u001b[0m18:19:04  18 of 30 PASS unique_stg_order_item_order_item_id .............................. [\u001b[32mPASS\u001b[0m in 2.44s]","logger":"airflow.task.hooks.airflow.providers.standard.hooks.subprocess.SubprocessHook"}
{"timestamp":"2026-08-31T18:19:04.109968","level":"info","event":"\u001b[0m18:19:04  23 of 30 START sql incremental model marts.fct_order_item ...................... [RUN]","logger":"airflow.task.hooks.airflow.providers.standard.hooks.subprocess.SubprocessHook"}
{"timestamp":"2026-08-31T18:19:05.091266","level":"info","event":"\u001b[0m18:19:05  21 of 30 OK created sql view model staging.stg_reviews ......................... [\u001b[32mSUCCESS 1\u001b[0m in 3.09s]","logger":"airflow.task.hooks.airflow.providers.standard.hooks.subprocess.SubprocessHook"}
{"timestamp":"2026-08-31T18:19:05.096808","level":"info","event":"\u001b[0m18:19:05  24 of 30 START test not_null_stg_reviews_review_id ............................. [RUN]","logger":"airflow.task.hooks.airflow.providers.standard.hooks.subprocess.SubprocessHook"}
{"timestamp":"2026-08-31T18:19:05.098642","level":"info","event":"\u001b[0m18:19:05  25 of 30 START test unique_stg_reviews_review_id ............................... [RUN]","logger":"airflow.task.hooks.airflow.providers.standard.hooks.subprocess.SubprocessHook"}
{"timestamp":"2026-08-31T18:19:05.134942","level":"info","event":"\u001b[0m18:19:05  19 of 30 OK created sql table model marts.dim_customers ........................ [\u001b[32mSUCCESS 1\u001b[0m in 3.41s]","logger":"airflow.task.hooks.airflow.providers.standard.hooks.subprocess.SubprocessHook"}
{"timestamp":"2026-08-31T18:19:05.627338","level":"info","event":"\u001b[0m18:19:05  20 of 30 OK created sql table model marts.dim_restuarant ....................... [\u001b[32mSUCCESS 1\u001b[0m in 3.63s]","logger":"airflow.task.hooks.airflow.providers.standard.hooks.subprocess.SubprocessHook"}
{"timestamp":"2026-08-31T18:19:05.727534","level":"info","event":"\u001b[0m18:19:05  16 of 30 OK created sql table model marts.dim_food ............................. [\u001b[32mSUCCESS 1\u001b[0m in 4.63s]","logger":"airflow.task.hooks.airflow.providers.standard.hooks.subprocess.SubprocessHook"}
{"timestamp":"2026-08-31T18:19:07.155317","level":"info","event":"\u001b[0m18:19:07  22 of 30 OK created sql incremental model marts.fct_orders ..................... [\u001b[32mSUCCESS 0\u001b[0m in 5.01s]","logger":"airflow.task.hooks.airflow.providers.standard.hooks.subprocess.SubprocessHook"}
{"timestamp":"2026-08-31T18:19:07.161664","level":"info","event":"\u001b[0m18:19:07  26 of 30 START test accepted_values_fct_orders_order_status__Delivered__Cancelled__Refunded  [RUN]","logger":"airflow.task.hooks.airflow.providers.standard.hooks.subprocess.SubprocessHook"}
{"timestamp":"2026-08-31T18:19:07.164714","level":"info","event":"\u001b[0m18:19:07  27 of 30 START test not_null_fct_orders_order_id ............................... [RUN]","logger":"airflow.task.hooks.airflow.providers.standard.hooks.subprocess.SubprocessHook"}
{"timestamp":"2026-08-31T18:19:07.166556","level":"info","event":"\u001b[0m18:19:07  28 of 30 START test unique_fct_orders_order_id ................................. [RUN]","logger":"airflow.task.hooks.airflow.providers.standard.hooks.subprocess.SubprocessHook"}
{"timestamp":"2026-08-31T18:19:07.657433","level":"info","event":"\u001b[0m18:19:07  23 of 30 OK created sql incremental model marts.fct_order_item ................. [\u001b[32mSUCCESS 0\u001b[0m in 3.54s]","logger":"airflow.task.hooks.airflow.providers.standard.hooks.subprocess.SubprocessHook"}
{"timestamp":"2026-08-31T18:19:07.883854","level":"info","event":"\u001b[0m18:19:07  24 of 30 PASS not_null_stg_reviews_review_id ................................... [\u001b[32mPASS\u001b[0m in 2.78s]","logger":"airflow.task.hooks.airflow.providers.standard.hooks.subprocess.SubprocessHook"}
{"timestamp":"2026-08-31T18:19:08.126030","level":"info","event":"\u001b[0m18:19:08  25 of 30 PASS unique_stg_reviews_review_id ..................................... [\u001b[32mPASS\u001b[0m in 3.02s]","logger":"airflow.task.hooks.airflow.providers.standard.hooks.subprocess.SubprocessHook"}
{"timestamp":"2026-08-31T18:19:08.949225","level":"info","event":"\u001b[0m18:19:08  26 of 30 PASS accepted_values_fct_orders_order_status__Delivered__Cancelled__Refunded  [\u001b[32mPASS\u001b[0m in 1.77s]","logger":"airflow.task.hooks.airflow.providers.standard.hooks.subprocess.SubprocessHook"}
{"timestamp":"2026-08-31T18:19:08.951286","level":"info","event":"\u001b[0m18:19:08  27 of 30 PASS not_null_fct_orders_order_id ..................................... [\u001b[32mPASS\u001b[0m in 1.77s]","logger":"airflow.task.hooks.airflow.providers.standard.hooks.subprocess.SubprocessHook"}
{"timestamp":"2026-08-31T18:19:09.091613","level":"info","event":"\u001b[0m18:19:09  28 of 30 PASS unique_fct_orders_order_id ....................................... [\u001b[32mPASS\u001b[0m in 1.91s]","logger":"airflow.task.hooks.airflow.providers.standard.hooks.subprocess.SubprocessHook"}
{"timestamp":"2026-08-31T18:19:09.099001","level":"info","event":"\u001b[0m18:19:09  29 of 30 START sql table model marts.mart_delivery_sla ......................... [RUN]","logger":"airflow.task.hooks.airflow.providers.standard.hooks.subprocess.SubprocessHook"}
{"timestamp":"2026-08-31T18:19:09.100540","level":"info","event":"\u001b[0m18:19:09  30 of 30 START sql table model marts.mart_restaurants_performance .............. [RUN]","logger":"airflow.task.hooks.airflow.providers.standard.hooks.subprocess.SubprocessHook"}
{"timestamp":"2026-08-31T18:19:12.939714","level":"info","event":"\u001b[0m18:19:12  29 of 30 OK created sql table model marts.mart_delivery_sla .................... [\u001b[32mSUCCESS 1\u001b[0m in 3.83s]","logger":"airflow.task.hooks.airflow.providers.standard.hooks.subprocess.SubprocessHook"}
{"timestamp":"2026-08-31T18:19:13.067615","level":"info","event":"\u001b[0m18:19:13  30 of 30 OK created sql table model marts.mart_restaurants_performance ......... [\u001b[32mSUCCESS 1\u001b[0m in 3.96s]","logger":"airflow.task.hooks.airflow.providers.standard.hooks.subprocess.SubprocessHook"}
{"timestamp":"2026-08-31T18:19:13.086917","level":"info","event":"\u001b[0m18:19:13","logger":"airflow.task.hooks.airflow.providers.standard.hooks.subprocess.SubprocessHook"}
{"timestamp":"2026-08-31T18:19:13.088010","level":"info","event":"\u001b[0m18:19:13  Finished running 2 incremental models, 6 table models, 15 data tests, 7 view models in 0 hours 0 minutes and 21.59 seconds (21.59s).","logger":"airflow.task.hooks.airflow.providers.standard.hooks.subprocess.SubprocessHook"}
{"timestamp":"2026-08-31T18:19:13.245187","level":"info","event":"\u001b[0m18:19:13","logger":"airflow.task.hooks.airflow.providers.standard.hooks.subprocess.SubprocessHook"}
{"timestamp":"2026-08-31T18:19:13.246291","level":"info","event":"\u001b[0m18:19:13  \u001b[32mCompleted successfully\u001b[0m","logger":"airflow.task.hooks.airflow.providers.standard.hooks.subprocess.SubprocessHook"}
{"timestamp":"2026-08-31T18:19:13.248017","level":"info","event":"\u001b[0m18:19:13","logger":"airflow.task.hooks.airflow.providers.standard.hooks.subprocess.SubprocessHook"}
{"timestamp":"2026-08-31T18:19:13.250412","level":"info","event":"\u001b[0m18:19:13  Done. PASS=30 WARN=0 ERROR=0 SKIP=0 NO-OP=0 REUSED=0 TOTAL=30","logger":"airflow.task.hooks.airflow.providers.standard.hooks.subprocess.SubprocessHook"}
{"timestamp":"2026-08-31T18:19:15.173282","level":"info","event":"Command exited with return code 0","logger":"airflow.task.hooks.airflow.providers.standard.hooks.subprocess.SubprocessHook"}
{"timestamp":"2026-08-31T18:19:15.176110","level":"info","event":"Pushing xcom","ti":"RuntimeTaskInstance(id=UUID('01a0590b-2b74-7be0-80f1-ad147a16b079'), task_id='dbt_build_core', dag_id='zomato_batch', run_id='manual__2026-08-31T18:18:19.196635+00:00', try_number=1, map_index=-1, hostname='eec088fab681', context_carrier=None, task=<Task(BashOperator): dbt_build_core>, bundle_instance=LocalDagBundle(name=dags-folder), max_tries=0, start_date=datetime.datetime(2026, 8, 31, 18, 18, 42, 692171, tzinfo=datetime.timezone.utc), end_date=None, state=<TaskInstanceState.RUNNING: 'running'>, is_mapped=False, rendered_map_index=None, log_url='http://localhost:8080/dags/zomato_batch/runs/manual__2026-08-31T18%3A18%3A19.196635%2B00%3A00/tasks/dbt_build_core?try_number=1')","logger":"task"}
