{"timestamp":"2026-08-31T18:14:54.993588","level":"info","event":"DAG bundles loaded: dags-folder","logger":"airflow.dag_processing.bundles.manager.DagBundlesManager"}
{"timestamp":"2026-08-31T18:14:54.994428","level":"info","event":"Filling up the DagBag from /opt/airflow/dags/zomato_batch.py","logger":"airflow.models.dagbag.DagBag"}
{"timestamp":"2026-08-31T18:14:55.146209","level":"info","event":"Tmp dir root location: /tmp","logger":"airflow.task.hooks.airflow.providers.standard.hooks.subprocess.SubprocessHook"}
{"timestamp":"2026-08-31T18:14:55.152604","level":"info","event":"Running command: ['/usr/bin/bash', '-c', '/opt/airflow/dbt_venv/bin/dbt build --exclude tag:ai --project-dir /opt/airflow/dbt/zomato --profiles-dir /opt/airflow/dbt/zomato']","logger":"airflow.task.hooks.airflow.providers.standard.hooks.subprocess.SubprocessHook"}
{"timestamp":"2026-08-31T18:14:55.183274","level":"info","event":"Output:","logger":"airflow.task.hooks.airflow.providers.standard.hooks.subprocess.SubprocessHook"}
{"timestamp":"2026-08-31T18:14:59.372641","level":"info","event":"\u001b[0m18:14:59  Running with dbt=1.12.3","logger":"airflow.task.hooks.airflow.providers.standard.hooks.subprocess.SubprocessHook"}
{"timestamp":"2026-08-31T18:15:00.606568","level":"info","event":"\u001b[0m18:15:00  Registered adapter: snowflake=1.8.4","logger":"airflow.task.hooks.airflow.providers.standard.hooks.subprocess.SubprocessHook"}
{"timestamp":"2026-08-31T18:15:01.413770","level":"info","event":"\u001b[0m18:15:01  [\u001b[33mWARNING\u001b[0m]: Configuration paths exist in your dbt_project.yml file which do not apply to any resources.","logger":"airflow.task.hooks.airflow.providers.standard.hooks.subprocess.SubprocessHook"}
{"timestamp":"2026-08-31T18:15:01.413967","level":"info","event":"There are 1 unused configuration paths:","logger":"airflow.task.hooks.airflow.providers.standard.hooks.subprocess.SubprocessHook"}
{"timestamp":"2026-08-31T18:15:01.414041","level":"info","event":"- snapshots.zomato","logger":"airflow.task.hooks.airflow.providers.standard.hooks.subprocess.SubprocessHook"}
{"timestamp":"2026-08-31T18:15:01.971655","level":"info","event":"\u001b[0m18:15:01  Found 16 models, 15 data tests, 7 sources, 506 macros","logger":"airflow.task.hooks.airflow.providers.standard.hooks.subprocess.SubprocessHook"}
{"timestamp":"2026-08-31T18:15:01.979293","level":"info","event":"\u001b[0m18:15:01  [\u001b[33mWARNING\u001b[0m]: The selection criterion 'tag:ai' does not match any enabled nodes","logger":"airflow.task.hooks.airflow.providers.standard.hooks.subprocess.SubprocessHook"}
{"timestamp":"2026-08-31T18:15:01.987557","level":"info","event":"\u001b[0m18:15:01","logger":"airflow.task.hooks.airflow.providers.standard.hooks.subprocess.SubprocessHook"}
{"timestamp":"2026-08-31T18:15:01.989353","level":"info","event":"\u001b[0m18:15:01  Concurrency: 8 threads (target='dev')","logger":"airflow.task.hooks.airflow.providers.standard.hooks.subprocess.SubprocessHook"}
{"timestamp":"2026-08-31T18:15:01.991636","level":"info","event":"\u001b[0m18:15:01","logger":"airflow.task.hooks.airflow.providers.standard.hooks.subprocess.SubprocessHook"}
{"timestamp":"2026-08-31T18:15:09.181388","level":"info","event":"\u001b[0m18:15:09  1 of 30 START sql table model marts.dim_date ................................... [RUN]","logger":"airflow.task.hooks.airflow.providers.standard.hooks.subprocess.SubprocessHook"}
{"timestamp":"2026-08-31T18:15:09.185046","level":"info","event":"\u001b[0m18:15:09  2 of 30 START sql view model staging.stg_food .................................. [RUN]","logger":"airflow.task.hooks.airflow.providers.standard.hooks.subprocess.SubprocessHook"}
{"timestamp":"2026-08-31T18:15:09.185761","level":"info","event":"\u001b[0m18:15:09  3 of 30 START sql view model staging.stg_menu .................................. [RUN]","logger":"airflow.task.hooks.airflow.providers.standard.hooks.subprocess.SubprocessHook"}
{"timestamp":"2026-08-31T18:15:09.190614","level":"info","event":"\u001b[0m18:15:09  4 of 30 START sql view model staging.stg_order_item ............................ [RUN]","logger":"airflow.task.hooks.airflow.providers.standard.hooks.subprocess.SubprocessHook"}
{"timestamp":"2026-08-31T18:15:09.192074","level":"info","event":"\u001b[0m18:15:09  5 of 30 START sql view model staging.stg_orders ................................ [RUN]","logger":"airflow.task.hooks.airflow.providers.standard.hooks.subprocess.SubprocessHook"}
{"timestamp":"2026-08-31T18:15:09.193618","level":"info","event":"\u001b[0m18:15:09  6 of 30 START sql view model staging.stg_restaurants ........................... [RUN]","logger":"airflow.task.hooks.airflow.providers.standard.hooks.subprocess.SubprocessHook"}
{"timestamp":"2026-08-31T18:15:09.198334","level":"info","event":"\u001b[0m18:15:09  7 of 30 START sql view model staging.stg_user .................................. [RUN]","logger":"airflow.task.hooks.airflow.providers.standard.hooks.subprocess.SubprocessHook"}
{"timestamp":"2026-08-31T18:15:11.304825","level":"info","event":"\u001b[0m18:15:11  2 of 30 OK created sql view model staging.stg_food ............................. [\u001b[32mSUCCESS 1\u001b[0m in 2.10s]","logger":"airflow.task.hooks.airflow.providers.standard.hooks.subprocess.SubprocessHook"}
{"timestamp":"2026-08-31T18:15:11.310638","level":"info","event":"\u001b[0m18:15:11  5 of 30 OK created sql view model staging.stg_orders ........................... [\u001b[32mSUCCESS 1\u001b[0m in 2.10s]","logger":"airflow.task.hooks.airflow.providers.standard.hooks.subprocess.SubprocessHook"}
{"timestamp":"2026-08-31T18:15:11.312484","level":"info","event":"\u001b[0m18:15:11  8 of 30 START sql table model marts.dim_food ................................... [RUN]","logger":"airflow.task.hooks.airflow.providers.standard.hooks.subprocess.SubprocessHook"}
{"timestamp":"2026-08-31T18:15:11.320478","level":"info","event":"\u001b[0m18:15:11  9 of 30 START test not_null_stg_orders_customer_id ............................. [RUN]","logger":"airflow.task.hooks.airflow.providers.standard.hooks.subprocess.SubprocessHook"}
{"timestamp":"2026-08-31T18:15:11.321541","level":"info","event":"\u001b[0m18:15:11  10 of 30 START test not_null_stg_orders_order_id ............................... [RUN]","logger":"airflow.task.hooks.airflow.providers.standard.hooks.subprocess.SubprocessHook"}
{"timestamp":"2026-08-31T18:15:11.343998","level":"info","event":"\u001b[0m18:15:11  7 of 30 OK created sql view model staging.stg_user ............................. [\u001b[32mSUCCESS 1\u001b[0m in 2.12s]","logger":"airflow.task.hooks.airflow.providers.standard.hooks.subprocess.SubprocessHook"}
{"timestamp":"2026-08-31T18:15:11.349779","level":"info","event":"\u001b[0m18:15:11  3 of 30 OK created sql view model staging.stg_menu ............................. [\u001b[32mSUCCESS 1\u001b[0m in 2.14s]","logger":"airflow.task.hooks.airflow.providers.standard.hooks.subprocess.SubprocessHook"}
{"timestamp":"2026-08-31T18:15:11.432585","level":"info","event":"\u001b[0m18:15:11  6 of 30 OK created sql view model staging.stg_restaurants ...................... [\u001b[32mSUCCESS 1\u001b[0m in 2.21s]","logger":"airflow.task.hooks.airflow.providers.standard.hooks.subprocess.SubprocessHook"}
{"timestamp":"2026-08-31T18:15:11.438106","level":"info","event":"\u001b[0m18:15:11  11 of 30 START test not_null_stg_orders_restaurant_id .......................... [RUN]","logger":"airflow.task.hooks.airflow.providers.standard.hooks.subprocess.SubprocessHook"}
{"timestamp":"2026-08-31T18:15:11.439792","level":"info","event":"\u001b[0m18:15:11  12 of 30 START test unique_stg_orders_order_id ................................. [RUN]","logger":"airflow.task.hooks.airflow.providers.standard.hooks.subprocess.SubprocessHook"}
{"timestamp":"2026-08-31T18:15:11.442562","level":"info","event":"\u001b[0m18:15:11  4 of 30 OK created sql view model staging.stg_order_item ....................... [\u001b[32mSUCCESS 1\u001b[0m in 2.23s]","logger":"airflow.task.hooks.airflow.providers.standard.hooks.subprocess.SubprocessHook"}
{"timestamp":"2026-08-31T18:15:11.505281","level":"info","event":"\u001b[0m18:15:11  13 of 30 START test not_null_stg_user_customer_id .............................. [RUN]","logger":"airflow.task.hooks.airflow.providers.standard.hooks.subprocess.SubprocessHook"}
{"timestamp":"2026-08-31T18:15:11.530245","level":"info","event":"\u001b[0m18:15:11  14 of 30 START test unique_stg_user_customer_id ................................ [RUN]","logger":"airflow.task.hooks.airflow.providers.standard.hooks.subprocess.SubprocessHook"}
{"timestamp":"2026-08-31T18:15:11.776121","level":"info","event":"\u001b[0m18:15:11  1 of 30 OK created sql table model marts.dim_date .............................. [\u001b[32mSUCCESS 1\u001b[0m in 2.54s]","logger":"airflow.task.hooks.airflow.providers.standard.hooks.subprocess.SubprocessHook"}
{"timestamp":"2026-08-31T18:15:11.789564","level":"info","event":"\u001b[0m18:15:11  15 of 30 START test not_null_stg_restaurants_restaurant_id ..................... [RUN]","logger":"airflow.task.hooks.airflow.providers.standard.hooks.subprocess.SubprocessHook"}
{"timestamp":"2026-08-31T18:15:14.006316","level":"info","event":"\u001b[0m18:15:14  15 of 30 PASS not_null_stg_restaurants_restaurant_id ........................... [\u001b[32mPASS\u001b[0m in 2.20s]","logger":"airflow.task.hooks.airflow.providers.standard.hooks.subprocess.SubprocessHook"}
{"timestamp":"2026-08-31T18:15:14.013306","level":"info","event":"\u001b[0m18:15:14  16 of 30 START test unique_stg_restaurants_restaurant_id ....................... [RUN]","logger":"airflow.task.hooks.airflow.providers.standard.hooks.subprocess.SubprocessHook"}
{"timestamp":"2026-08-31T18:15:14.032090","level":"info","event":"\u001b[0m18:15:14  14 of 30 PASS unique_stg_user_customer_id ...................................... [\u001b[32mPASS\u001b[0m in 2.48s]","logger":"airflow.task.hooks.airflow.providers.standard.hooks.subprocess.SubprocessHook"}
{"timestamp":"2026-08-31T18:15:14.042198","level":"info","event":"\u001b[0m18:15:14  13 of 30 PASS not_null_stg_user_customer_id .................................... [\u001b[32mPASS\u001b[0m in 2.51s]","logger":"airflow.task.hooks.airflow.providers.standard.hooks.subprocess.SubprocessHook"}
{"timestamp":"2026-08-31T18:15:14.045765","level":"info","event":"\u001b[0m18:15:14  11 of 30 PASS not_null_stg_orders_restaurant_id ................................ [\u001b[32mPASS\u001b[0m in 2.56s]","logger":"airflow.task.hooks.airflow.providers.standard.hooks.subprocess.SubprocessHook"}
{"timestamp":"2026-08-31T18:15:14.058596","level":"info","event":"\u001b[0m18:15:14  17 of 30 START test not_null_stg_order_item_order_item_id ...................... [RUN]","logger":"airflow.task.hooks.airflow.providers.standard.hooks.subprocess.SubprocessHook"}
{"timestamp":"2026-08-31T18:15:14.065769","level":"info","event":"\u001b[0m18:15:14  10 of 30 PASS not_null_stg_orders_order_id ..................................... [\u001b[32mPASS\u001b[0m in 2.73s]","logger":"airflow.task.hooks.airflow.providers.standard.hooks.subprocess.SubprocessHook"}
{"timestamp":"2026-08-31T18:15:14.068730","level":"info","event":"\u001b[0m18:15:14  9 of 30 PASS not_null_stg_orders_customer_id ................................... [\u001b[32mPASS\u001b[0m in 2.74s]","logger":"airflow.task.hooks.airflow.providers.standard.hooks.subprocess.SubprocessHook"}
{"timestamp":"2026-08-31T18:15:14.077693","level":"info","event":"\u001b[0m18:15:14  18 of 30 START test unique_stg_order_item_order_item_id ........................ [RUN]","logger":"airflow.task.hooks.airflow.providers.standard.hooks.subprocess.SubprocessHook"}
{"timestamp":"2026-08-31T18:15:14.084285","level":"info","event":"\u001b[0m18:15:14  19 of 30 START sql table model marts.dim_customers ............................. [RUN]","logger":"airflow.task.hooks.airflow.providers.standard.hooks.subprocess.SubprocessHook"}
{"timestamp":"2026-08-31T18:15:14.343097","level":"info","event":"\u001b[0m18:15:14  12 of 30 PASS unique_stg_orders_order_id ....................................... [\u001b[32mPASS\u001b[0m in 2.85s]","logger":"airflow.task.hooks.airflow.providers.standard.hooks.subprocess.SubprocessHook"}
{"timestamp":"2026-08-31T18:15:14.371435","level":"info","event":"\u001b[0m18:15:14  20 of 30 START sql incremental model marts.fct_orders .......................... [RUN]","logger":"airflow.task.hooks.airflow.providers.standard.hooks.subprocess.SubprocessHook"}
{"timestamp":"2026-08-31T18:15:14.905827","level":"info","event":"\u001b[0m18:15:14  8 of 30 OK created sql table model marts.dim_food .............................. [\u001b[32mSUCCESS 1\u001b[0m in 3.59s]","logger":"airflow.task.hooks.airflow.providers.standard.hooks.subprocess.SubprocessHook"}
{"timestamp":"2026-08-31T18:15:15.655248","level":"info","event":"\u001b[0m18:15:15  17 of 30 PASS not_null_stg_order_item_order_item_id ............................ [\u001b[32mPASS\u001b[0m in 1.58s]","logger":"airflow.task.hooks.airflow.providers.standard.hooks.subprocess.SubprocessHook"}
{"timestamp":"2026-08-31T18:15:15.754575","level":"info","event":"\u001b[0m18:15:15  16 of 30 PASS unique_stg_restaurants_restaurant_id ............................. [\u001b[32mPASS\u001b[0m in 1.74s]","logger":"airflow.task.hooks.airflow.providers.standard.hooks.subprocess.SubprocessHook"}
{"timestamp":"2026-08-31T18:15:15.760936","level":"info","event":"\u001b[0m18:15:15  21 of 30 START sql table model marts.dim_restuarant ............................ [RUN]","logger":"airflow.task.hooks.airflow.providers.standard.hooks.subprocess.SubprocessHook"}
{"timestamp":"2026-08-31T18:15:15.762137","level":"info","event":"\u001b[0m18:15:15  22 of 30 START sql view model staging.stg_reviews .............................. [RUN]","logger":"airflow.task.hooks.airflow.providers.standard.hooks.subprocess.SubprocessHook"}
{"timestamp":"2026-08-31T18:15:16.060771","level":"info","event":"\u001b[0m18:15:16  18 of 30 PASS unique_stg_order_item_order_item_id .............................. [\u001b[32mPASS\u001b[0m in 1.97s]","logger":"airflow.task.hooks.airflow.providers.standard.hooks.subprocess.SubprocessHook"}
{"timestamp":"2026-08-31T18:15:16.068755","level":"info","event":"\u001b[0m18:15:16  23 of 30 START sql incremental model marts.fct_order_item ...................... [RUN]","logger":"airflow.task.hooks.airflow.providers.standard.hooks.subprocess.SubprocessHook"}
{"timestamp":"2026-08-31T18:15:16.561766","level":"info","event":"\u001b[0m18:15:16  19 of 30 OK created sql table model marts.dim_customers ........................ [\u001b[32mSUCCESS 1\u001b[0m in 2.46s]","logger":"airflow.task.hooks.airflow.providers.standard.hooks.subprocess.SubprocessHook"}
{"timestamp":"2026-08-31T18:15:17.457478","level":"info","event":"\u001b[0m18:15:17  22 of 30 OK created sql view model staging.stg_reviews ......................... [\u001b[32mSUCCESS 1\u001b[0m in 1.69s]","logger":"airflow.task.hooks.airflow.providers.standard.hooks.subprocess.SubprocessHook"}
{"timestamp":"2026-08-31T18:15:17.463286","level":"info","event":"\u001b[0m18:15:17  24 of 30 START test not_null_stg_reviews_review_id ............................. [RUN]","logger":"airflow.task.hooks.airflow.providers.standard.hooks.subprocess.SubprocessHook"}
{"timestamp":"2026-08-31T18:15:17.465579","level":"info","event":"\u001b[0m18:15:17  25 of 30 START test unique_stg_reviews_review_id ............................... [RUN]","logger":"airflow.task.hooks.airflow.providers.standard.hooks.subprocess.SubprocessHook"}
{"timestamp":"2026-08-31T18:15:17.813230","level":"info","event":"\u001b[0m18:15:17  20 of 30 OK created sql incremental model marts.fct_orders ..................... [\u001b[32mSUCCESS 0\u001b[0m in 3.43s]","logger":"airflow.task.hooks.airflow.providers.standard.hooks.subprocess.SubprocessHook"}
{"timestamp":"2026-08-31T18:15:17.819300","level":"info","event":"\u001b[0m18:15:17  26 of 30 START test accepted_values_fct_orders_order_status__Delivered__Cancelled__Refunded  [RUN]","logger":"airflow.task.hooks.airflow.providers.standard.hooks.subprocess.SubprocessHook"}
{"timestamp":"2026-08-31T18:15:17.820748","level":"info","event":"\u001b[0m18:15:17  27 of 30 START test not_null_fct_orders_order_id ............................... [RUN]","logger":"airflow.task.hooks.airflow.providers.standard.hooks.subprocess.SubprocessHook"}
{"timestamp":"2026-08-31T18:15:17.822694","level":"info","event":"\u001b[0m18:15:17  28 of 30 START test unique_fct_orders_order_id ................................. [RUN]","logger":"airflow.task.hooks.airflow.providers.standard.hooks.subprocess.SubprocessHook"}
{"timestamp":"2026-08-31T18:15:17.908302","level":"info","event":"\u001b[0m18:15:17  21 of 30 OK created sql table model marts.dim_restuarant ....................... [\u001b[32mSUCCESS 1\u001b[0m in 2.13s]","logger":"airflow.task.hooks.airflow.providers.standard.hooks.subprocess.SubprocessHook"}
{"timestamp":"2026-08-31T18:15:19.136619","level":"info","event":"\u001b[0m18:15:19  24 of 30 PASS not_null_stg_reviews_review_id ................................... [\u001b[32mPASS\u001b[0m in 1.67s]","logger":"airflow.task.hooks.airflow.providers.standard.hooks.subprocess.SubprocessHook"}
{"timestamp":"2026-08-31T18:15:19.286034","level":"info","event":"\u001b[0m18:15:19  25 of 30 PASS unique_stg_reviews_review_id ..................................... [\u001b[32mPASS\u001b[0m in 1.82s]","logger":"airflow.task.hooks.airflow.providers.standard.hooks.subprocess.SubprocessHook"}
{"timestamp":"2026-08-31T18:15:19.330657","level":"info","event":"\u001b[0m18:15:19  23 of 30 OK created sql incremental model marts.fct_order_item ................. [\u001b[32mSUCCESS 0\u001b[0m in 3.26s]","logger":"airflow.task.hooks.airflow.providers.standard.hooks.subprocess.SubprocessHook"}
{"timestamp":"2026-08-31T18:15:19.385673","level":"info","event":"\u001b[0m18:15:19  28 of 30 PASS unique_fct_orders_order_id ....................................... [\u001b[32mPASS\u001b[0m in 1.56s]","logger":"airflow.task.hooks.airflow.providers.standard.hooks.subprocess.SubprocessHook"}
{"timestamp":"2026-08-31T18:15:19.411169","level":"info","event":"\u001b[0m18:15:19  26 of 30 PASS accepted_values_fct_orders_order_status__Delivered__Cancelled__Refunded  [\u001b[32mPASS\u001b[0m in 1.59s]","logger":"airflow.task.hooks.airflow.providers.standard.hooks.subprocess.SubprocessHook"}
{"timestamp":"2026-08-31T18:15:19.486687","level":"info","event":"\u001b[0m18:15:19  27 of 30 PASS not_null_fct_orders_order_id ..................................... [\u001b[32mPASS\u001b[0m in 1.66s]","logger":"airflow.task.hooks.airflow.providers.standard.hooks.subprocess.SubprocessHook"}
{"timestamp":"2026-08-31T18:15:19.502624","level":"info","event":"\u001b[0m18:15:19  29 of 30 START sql table model marts.mart_delivery_sla ......................... [RUN]","logger":"airflow.task.hooks.airflow.providers.standard.hooks.subprocess.SubprocessHook"}
{"timestamp":"2026-08-31T18:15:19.506997","level":"info","event":"\u001b[0m18:15:19  30 of 30 START sql table model marts.mart_restaurants_performance .............. [RUN]","logger":"airflow.task.hooks.airflow.providers.standard.hooks.subprocess.SubprocessHook"}
{"timestamp":"2026-08-31T18:15:22.803147","level":"info","event":"\u001b[0m18:15:22  29 of 30 OK created sql table model marts.mart_delivery_sla .................... [\u001b[32mSUCCESS 1\u001b[0m in 3.29s]","logger":"airflow.task.hooks.airflow.providers.standard.hooks.subprocess.SubprocessHook"}
{"timestamp":"2026-08-31T18:15:22.994324","level":"info","event":"\u001b[0m18:15:22  30 of 30 OK created sql table model marts.mart_restaurants_performance ......... [\u001b[32mSUCCESS 1\u001b[0m in 3.47s]","logger":"airflow.task.hooks.airflow.providers.standard.hooks.subprocess.SubprocessHook"}
{"timestamp":"2026-08-31T18:15:23.018602","level":"info","event":"\u001b[0m18:15:23","logger":"airflow.task.hooks.airflow.providers.standard.hooks.subprocess.SubprocessHook"}
{"timestamp":"2026-08-31T18:15:23.020837","level":"info","event":"\u001b[0m18:15:23  Finished running 2 incremental models, 6 table models, 15 data tests, 7 view models in 0 hours 0 minutes and 21.02 seconds (21.02s).","logger":"airflow.task.hooks.airflow.providers.standard.hooks.subprocess.SubprocessHook"}
{"timestamp":"2026-08-31T18:15:23.209422","level":"info","event":"\u001b[0m18:15:23","logger":"airflow.task.hooks.airflow.providers.standard.hooks.subprocess.SubprocessHook"}
{"timestamp":"2026-08-31T18:15:23.211742","level":"info","event":"\u001b[0m18:15:23  \u001b[32mCompleted successfully\u001b[0m","logger":"airflow.task.hooks.airflow.providers.standard.hooks.subprocess.SubprocessHook"}
{"timestamp":"2026-08-31T18:15:23.213581","level":"info","event":"\u001b[0m18:15:23","logger":"airflow.task.hooks.airflow.providers.standard.hooks.subprocess.SubprocessHook"}
{"timestamp":"2026-08-31T18:15:23.214838","level":"info","event":"\u001b[0m18:15:23  Done. PASS=30 WARN=0 ERROR=0 SKIP=0 NO-OP=0 REUSED=0 TOTAL=30","logger":"airflow.task.hooks.airflow.providers.standard.hooks.subprocess.SubprocessHook"}
{"timestamp":"2026-08-31T18:15:25.280872","level":"info","event":"Command exited with return code 0","logger":"airflow.task.hooks.airflow.providers.standard.hooks.subprocess.SubprocessHook"}
{"timestamp":"2026-08-31T18:15:25.289769","level":"info","event":"Pushing xcom","ti":"RuntimeTaskInstance(id=UUID('01a05907-ceba-78e7-9f4c-6d3942e35f5a'), task_id='dbt_build_core', dag_id='zomato_batch', run_id='manual__2026-08-31T18:14:38.760918+00:00', try_number=1, map_index=-1, hostname='eec088fab681', context_carrier=None, task=<Task(BashOperator): dbt_build_core>, bundle_instance=LocalDagBundle(name=dags-folder), max_tries=0, start_date=datetime.datetime(2026, 8, 31, 18, 14, 54, 885742, tzinfo=datetime.timezone.utc), end_date=None, state=<TaskInstanceState.RUNNING: 'running'>, is_mapped=False, rendered_map_index=None, log_url='http://localhost:8080/dags/zomato_batch/runs/manual__2026-08-31T18%3A14%3A38.760918%2B00%3A00/tasks/dbt_build_core?try_number=1')","logger":"task"}
