{"timestamp":"2026-08-31T16:52:41.145076","level":"info","event":"DAG bundles loaded: dags-folder","logger":"airflow.dag_processing.bundles.manager.DagBundlesManager"}
{"timestamp":"2026-08-31T16:52:41.146184","level":"info","event":"Filling up the DagBag from /opt/airflow/dags/zomato_batch.py","logger":"airflow.models.dagbag.DagBag"}
{"timestamp":"2026-08-31T16:52:41.370634","level":"info","event":"Tmp dir root location: /tmp","logger":"airflow.task.hooks.airflow.providers.standard.hooks.subprocess.SubprocessHook"}
{"timestamp":"2026-08-31T16:52:41.394007","level":"info","event":"Running command: ['/usr/bin/bash', '-c', '/opt/airflow/dbt_venv/bin/dbt build --exclude tag:ai --project-dir /opt/airflow/dbt/zomato --profiles-dir /opt/airflow/dbt/zomato']","logger":"airflow.task.hooks.airflow.providers.standard.hooks.subprocess.SubprocessHook"}
{"timestamp":"2026-08-31T16:52:41.444685","level":"info","event":"Output:","logger":"airflow.task.hooks.airflow.providers.standard.hooks.subprocess.SubprocessHook"}
{"timestamp":"2026-08-31T16:52:47.725179","level":"info","event":"\u001b[0m16:52:47  Running with dbt=1.12.3","logger":"airflow.task.hooks.airflow.providers.standard.hooks.subprocess.SubprocessHook"}
{"timestamp":"2026-08-31T16:52:49.225829","level":"info","event":"\u001b[0m16:52:49  Registered adapter: snowflake=1.8.4","logger":"airflow.task.hooks.airflow.providers.standard.hooks.subprocess.SubprocessHook"}
{"timestamp":"2026-08-31T16:52:50.322581","level":"info","event":"\u001b[0m16:52:50  [\u001b[33mWARNING\u001b[0m]: Configuration paths exist in your dbt_project.yml file which do not apply to any resources.","logger":"airflow.task.hooks.airflow.providers.standard.hooks.subprocess.SubprocessHook"}
{"timestamp":"2026-08-31T16:52:50.322937","level":"info","event":"There are 1 unused configuration paths:","logger":"airflow.task.hooks.airflow.providers.standard.hooks.subprocess.SubprocessHook"}
{"timestamp":"2026-08-31T16:52:50.323118","level":"info","event":"- snapshots.zomato","logger":"airflow.task.hooks.airflow.providers.standard.hooks.subprocess.SubprocessHook"}
{"timestamp":"2026-08-31T16:52:50.955384","level":"info","event":"\u001b[0m16:52:50  Found 16 models, 15 data tests, 7 sources, 506 macros","logger":"airflow.task.hooks.airflow.providers.standard.hooks.subprocess.SubprocessHook"}
{"timestamp":"2026-08-31T16:52:50.961695","level":"info","event":"\u001b[0m16:52:50  [\u001b[33mWARNING\u001b[0m]: The selection criterion 'tag:ai' does not match any enabled nodes","logger":"airflow.task.hooks.airflow.providers.standard.hooks.subprocess.SubprocessHook"}
{"timestamp":"2026-08-31T16:52:50.968036","level":"info","event":"\u001b[0m16:52:50","logger":"airflow.task.hooks.airflow.providers.standard.hooks.subprocess.SubprocessHook"}
{"timestamp":"2026-08-31T16:52:50.970100","level":"info","event":"\u001b[0m16:52:50  Concurrency: 8 threads (target='dev')","logger":"airflow.task.hooks.airflow.providers.standard.hooks.subprocess.SubprocessHook"}
{"timestamp":"2026-08-31T16:52:50.971606","level":"info","event":"\u001b[0m16:52:50","logger":"airflow.task.hooks.airflow.providers.standard.hooks.subprocess.SubprocessHook"}
{"timestamp":"2026-08-31T16:52:56.025776","level":"info","event":"\u001b[0m16:52:56  1 of 30 START sql table model marts.dim_date ................................... [RUN]","logger":"airflow.task.hooks.airflow.providers.standard.hooks.subprocess.SubprocessHook"}
{"timestamp":"2026-08-31T16:52:56.028787","level":"info","event":"\u001b[0m16:52:56  2 of 30 START sql view model staging.stg_food .................................. [RUN]","logger":"airflow.task.hooks.airflow.providers.standard.hooks.subprocess.SubprocessHook"}
{"timestamp":"2026-08-31T16:52:56.033837","level":"info","event":"\u001b[0m16:52:56  3 of 30 START sql view model staging.stg_menu .................................. [RUN]","logger":"airflow.task.hooks.airflow.providers.standard.hooks.subprocess.SubprocessHook"}
{"timestamp":"2026-08-31T16:52:56.044963","level":"info","event":"\u001b[0m16:52:56  4 of 30 START sql view model staging.stg_order_item ............................ [RUN]","logger":"airflow.task.hooks.airflow.providers.standard.hooks.subprocess.SubprocessHook"}
{"timestamp":"2026-08-31T16:52:56.050088","level":"info","event":"\u001b[0m16:52:56  5 of 30 START sql view model staging.stg_orders ................................ [RUN]","logger":"airflow.task.hooks.airflow.providers.standard.hooks.subprocess.SubprocessHook"}
{"timestamp":"2026-08-31T16:52:56.053823","level":"info","event":"\u001b[0m16:52:56  6 of 30 START sql view model staging.stg_restaurants ........................... [RUN]","logger":"airflow.task.hooks.airflow.providers.standard.hooks.subprocess.SubprocessHook"}
{"timestamp":"2026-08-31T16:52:56.059451","level":"info","event":"\u001b[0m16:52:56  7 of 30 START sql view model staging.stg_user .................................. [RUN]","logger":"airflow.task.hooks.airflow.providers.standard.hooks.subprocess.SubprocessHook"}
{"timestamp":"2026-08-31T16:52:58.144222","level":"info","event":"\u001b[0m16:52:58  1 of 30 ERROR creating sql table model marts.dim_date .......................... [\u001b[31mERROR\u001b[0m in 2.10s]","logger":"airflow.task.hooks.airflow.providers.standard.hooks.subprocess.SubprocessHook"}
{"timestamp":"2026-08-31T16:52:58.207038","level":"info","event":"\u001b[0m16:52:58  2 of 30 OK created sql view model staging.stg_food ............................. [\u001b[32mSUCCESS 1\u001b[0m in 2.15s]","logger":"airflow.task.hooks.airflow.providers.standard.hooks.subprocess.SubprocessHook"}
{"timestamp":"2026-08-31T16:52:58.211504","level":"info","event":"\u001b[0m16:52:58  8 of 30 START sql table model marts.dim_food ................................... [RUN]","logger":"airflow.task.hooks.airflow.providers.standard.hooks.subprocess.SubprocessHook"}
{"timestamp":"2026-08-31T16:52:58.239769","level":"info","event":"\u001b[0m16:52:58  6 of 30 OK created sql view model staging.stg_restaurants ...................... [\u001b[32mSUCCESS 1\u001b[0m in 2.17s]","logger":"airflow.task.hooks.airflow.providers.standard.hooks.subprocess.SubprocessHook"}
{"timestamp":"2026-08-31T16:52:58.257683","level":"info","event":"\u001b[0m16:52:58  4 of 30 OK created sql view model staging.stg_order_item ....................... [\u001b[32mSUCCESS 1\u001b[0m in 2.19s]","logger":"airflow.task.hooks.airflow.providers.standard.hooks.subprocess.SubprocessHook"}
{"timestamp":"2026-08-31T16:52:58.263738","level":"info","event":"\u001b[0m16:52:58  9 of 30 START test not_null_stg_restaurants_restaurant_id ...................... [RUN]","logger":"airflow.task.hooks.airflow.providers.standard.hooks.subprocess.SubprocessHook"}
{"timestamp":"2026-08-31T16:52:58.266217","level":"info","event":"\u001b[0m16:52:58  10 of 30 START test unique_stg_restaurants_restaurant_id ....................... [RUN]","logger":"airflow.task.hooks.airflow.providers.standard.hooks.subprocess.SubprocessHook"}
{"timestamp":"2026-08-31T16:52:58.295221","level":"info","event":"\u001b[0m16:52:58  11 of 30 START test not_null_stg_order_item_order_item_id ...................... [RUN]","logger":"airflow.task.hooks.airflow.providers.standard.hooks.subprocess.SubprocessHook"}
{"timestamp":"2026-08-31T16:52:58.297268","level":"info","event":"\u001b[0m16:52:58  12 of 30 START test unique_stg_order_item_order_item_id ........................ [RUN]","logger":"airflow.task.hooks.airflow.providers.standard.hooks.subprocess.SubprocessHook"}
{"timestamp":"2026-08-31T16:52:58.497786","level":"info","event":"\u001b[0m16:52:58  5 of 30 OK created sql view model staging.stg_orders ........................... [\u001b[32mSUCCESS 1\u001b[0m in 2.41s]","logger":"airflow.task.hooks.airflow.providers.standard.hooks.subprocess.SubprocessHook"}
{"timestamp":"2026-08-31T16:52:58.513686","level":"info","event":"\u001b[0m16:52:58  3 of 30 OK created sql view model staging.stg_menu ............................. [\u001b[32mSUCCESS 1\u001b[0m in 2.42s]","logger":"airflow.task.hooks.airflow.providers.standard.hooks.subprocess.SubprocessHook"}
{"timestamp":"2026-08-31T16:52:58.637350","level":"info","event":"\u001b[0m16:52:58  13 of 30 START test not_null_stg_orders_customer_id ............................ [RUN]","logger":"airflow.task.hooks.airflow.providers.standard.hooks.subprocess.SubprocessHook"}
{"timestamp":"2026-08-31T16:52:58.640595","level":"info","event":"\u001b[0m16:52:58  14 of 30 START test not_null_stg_orders_order_id ............................... [RUN]","logger":"airflow.task.hooks.airflow.providers.standard.hooks.subprocess.SubprocessHook"}
{"timestamp":"2026-08-31T16:52:58.642872","level":"info","event":"\u001b[0m16:52:58  7 of 30 OK created sql view model staging.stg_user ............................. [\u001b[32mSUCCESS 1\u001b[0m in 2.56s]","logger":"airflow.task.hooks.airflow.providers.standard.hooks.subprocess.SubprocessHook"}
{"timestamp":"2026-08-31T16:52:58.698658","level":"info","event":"\u001b[0m16:52:58  15 of 30 START test not_null_stg_orders_restaurant_id .......................... [RUN]","logger":"airflow.task.hooks.airflow.providers.standard.hooks.subprocess.SubprocessHook"}
{"timestamp":"2026-08-31T16:53:00.057950","level":"info","event":"\u001b[0m16:53:00  8 of 30 ERROR creating sql table model marts.dim_food .......................... [\u001b[31mERROR\u001b[0m in 1.84s]","logger":"airflow.task.hooks.airflow.providers.standard.hooks.subprocess.SubprocessHook"}
{"timestamp":"2026-08-31T16:53:00.063579","level":"info","event":"\u001b[0m16:53:00  16 of 30 START test unique_stg_orders_order_id ................................. [RUN]","logger":"airflow.task.hooks.airflow.providers.standard.hooks.subprocess.SubprocessHook"}
{"timestamp":"2026-08-31T16:53:00.233274","level":"info","event":"\u001b[0m16:53:00  9 of 30 PASS not_null_stg_restaurants_restaurant_id ............................ [\u001b[32mPASS\u001b[0m in 1.95s]","logger":"airflow.task.hooks.airflow.providers.standard.hooks.subprocess.SubprocessHook"}
{"timestamp":"2026-08-31T16:53:00.240958","level":"info","event":"\u001b[0m16:53:00  11 of 30 PASS not_null_stg_order_item_order_item_id ............................ [\u001b[32mPASS\u001b[0m in 1.76s]","logger":"airflow.task.hooks.airflow.providers.standard.hooks.subprocess.SubprocessHook"}
{"timestamp":"2026-08-31T16:53:00.242248","level":"info","event":"\u001b[0m16:53:00  17 of 30 START test not_null_stg_user_customer_id .............................. [RUN]","logger":"airflow.task.hooks.airflow.providers.standard.hooks.subprocess.SubprocessHook"}
{"timestamp":"2026-08-31T16:53:00.252514","level":"info","event":"\u001b[0m16:53:00  18 of 30 START test unique_stg_user_customer_id ................................ [RUN]","logger":"airflow.task.hooks.airflow.providers.standard.hooks.subprocess.SubprocessHook"}
{"timestamp":"2026-08-31T16:53:00.392742","level":"info","event":"\u001b[0m16:53:00  10 of 30 PASS unique_stg_restaurants_restaurant_id ............................. [\u001b[32mPASS\u001b[0m in 2.11s]","logger":"airflow.task.hooks.airflow.providers.standard.hooks.subprocess.SubprocessHook"}
{"timestamp":"2026-08-31T16:53:00.422178","level":"info","event":"\u001b[0m16:53:00  19 of 30 START sql table model marts.dim_restuarant ............................ [RUN]","logger":"airflow.task.hooks.airflow.providers.standard.hooks.subprocess.SubprocessHook"}
{"timestamp":"2026-08-31T16:53:00.461690","level":"info","event":"\u001b[0m16:53:00  14 of 30 PASS not_null_stg_orders_order_id ..................................... [\u001b[32mPASS\u001b[0m in 1.81s]","logger":"airflow.task.hooks.airflow.providers.standard.hooks.subprocess.SubprocessHook"}
{"timestamp":"2026-08-31T16:53:00.473652","level":"info","event":"\u001b[0m16:53:00  20 of 30 START sql view model staging.stg_reviews .............................. [RUN]","logger":"airflow.task.hooks.airflow.providers.standard.hooks.subprocess.SubprocessHook"}
{"timestamp":"2026-08-31T16:53:00.549118","level":"info","event":"\u001b[0m16:53:00  13 of 30 PASS not_null_stg_orders_customer_id .................................. [\u001b[32mPASS\u001b[0m in 1.90s]","logger":"airflow.task.hooks.airflow.providers.standard.hooks.subprocess.SubprocessHook"}
{"timestamp":"2026-08-31T16:53:00.595382","level":"info","event":"\u001b[0m16:53:00  15 of 30 PASS not_null_stg_orders_restaurant_id ................................ [\u001b[32mPASS\u001b[0m in 1.86s]","logger":"airflow.task.hooks.airflow.providers.standard.hooks.subprocess.SubprocessHook"}
{"timestamp":"2026-08-31T16:53:00.728929","level":"info","event":"\u001b[0m16:53:00  12 of 30 PASS unique_stg_order_item_order_item_id .............................. [\u001b[32mPASS\u001b[0m in 2.25s]","logger":"airflow.task.hooks.airflow.providers.standard.hooks.subprocess.SubprocessHook"}
{"timestamp":"2026-08-31T16:53:01.666287","level":"info","event":"\u001b[0m16:53:01  19 of 30 ERROR creating sql table model marts.dim_restuarant ................... [\u001b[31mERROR\u001b[0m in 1.24s]","logger":"airflow.task.hooks.airflow.providers.standard.hooks.subprocess.SubprocessHook"}
{"timestamp":"2026-08-31T16:53:01.716133","level":"info","event":"\u001b[0m16:53:01  17 of 30 PASS not_null_stg_user_customer_id .................................... [\u001b[32mPASS\u001b[0m in 1.47s]","logger":"airflow.task.hooks.airflow.providers.standard.hooks.subprocess.SubprocessHook"}
{"timestamp":"2026-08-31T16:53:01.957212","level":"info","event":"\u001b[0m16:53:01  16 of 30 PASS unique_stg_orders_order_id ....................................... [\u001b[32mPASS\u001b[0m in 1.89s]","logger":"airflow.task.hooks.airflow.providers.standard.hooks.subprocess.SubprocessHook"}
{"timestamp":"2026-08-31T16:53:01.964705","level":"info","event":"\u001b[0m16:53:01  21 of 30 START sql incremental model marts.fct_order_item ...................... [RUN]","logger":"airflow.task.hooks.airflow.providers.standard.hooks.subprocess.SubprocessHook"}
{"timestamp":"2026-08-31T16:53:01.966997","level":"info","event":"\u001b[0m16:53:01  22 of 30 START sql incremental model marts.fct_orders .......................... [RUN]","logger":"airflow.task.hooks.airflow.providers.standard.hooks.subprocess.SubprocessHook"}
{"timestamp":"2026-08-31T16:53:02.126548","level":"info","event":"\u001b[0m16:53:02  20 of 30 OK created sql view model staging.stg_reviews ......................... [\u001b[32mSUCCESS 1\u001b[0m in 1.62s]","logger":"airflow.task.hooks.airflow.providers.standard.hooks.subprocess.SubprocessHook"}
{"timestamp":"2026-08-31T16:53:02.159932","level":"info","event":"\u001b[0m16:53:02  18 of 30 PASS unique_stg_user_customer_id ...................................... [\u001b[32mPASS\u001b[0m in 1.89s]","logger":"airflow.task.hooks.airflow.providers.standard.hooks.subprocess.SubprocessHook"}
{"timestamp":"2026-08-31T16:53:02.177008","level":"info","event":"\u001b[0m16:53:02  23 of 30 START test not_null_stg_reviews_review_id ............................. [RUN]","logger":"airflow.task.hooks.airflow.providers.standard.hooks.subprocess.SubprocessHook"}
{"timestamp":"2026-08-31T16:53:02.179826","level":"info","event":"\u001b[0m16:53:02  24 of 30 START test unique_stg_reviews_review_id ............................... [RUN]","logger":"airflow.task.hooks.airflow.providers.standard.hooks.subprocess.SubprocessHook"}
{"timestamp":"2026-08-31T16:53:02.224372","level":"info","event":"\u001b[0m16:53:02  25 of 30 START sql table model marts.dim_customers ............................. [RUN]","logger":"airflow.task.hooks.airflow.providers.standard.hooks.subprocess.SubprocessHook"}
{"timestamp":"2026-08-31T16:53:04.736479","level":"info","event":"\u001b[0m16:53:04  25 of 30 ERROR creating sql table model marts.dim_customers .................... [\u001b[31mERROR\u001b[0m in 2.48s]","logger":"airflow.task.hooks.airflow.providers.standard.hooks.subprocess.SubprocessHook"}
{"timestamp":"2026-08-31T16:53:05.031722","level":"info","event":"\u001b[0m16:53:05  23 of 30 PASS not_null_stg_reviews_review_id ................................... [\u001b[32mPASS\u001b[0m in 2.84s]","logger":"airflow.task.hooks.airflow.providers.standard.hooks.subprocess.SubprocessHook"}
{"timestamp":"2026-08-31T16:53:05.142064","level":"info","event":"\u001b[0m16:53:05  24 of 30 PASS unique_stg_reviews_review_id ..................................... [\u001b[32mPASS\u001b[0m in 2.95s]","logger":"airflow.task.hooks.airflow.providers.standard.hooks.subprocess.SubprocessHook"}
{"timestamp":"2026-08-31T16:53:07.455558","level":"info","event":"\u001b[0m16:53:07  21 of 30 OK created sql incremental model marts.fct_order_item ................. [\u001b[32mSUCCESS 0\u001b[0m in 5.45s]","logger":"airflow.task.hooks.airflow.providers.standard.hooks.subprocess.SubprocessHook"}
{"timestamp":"2026-08-31T16:53:07.953989","level":"info","event":"\u001b[0m16:53:07  22 of 30 OK created sql incremental model marts.fct_orders ..................... [\u001b[32mSUCCESS 0\u001b[0m in 5.98s]","logger":"airflow.task.hooks.airflow.providers.standard.hooks.subprocess.SubprocessHook"}
{"timestamp":"2026-08-31T16:53:07.961966","level":"info","event":"\u001b[0m16:53:07  26 of 30 START test accepted_values_fct_orders_order_status__Delivered__Cancelled__Refunded  [RUN]","logger":"airflow.task.hooks.airflow.providers.standard.hooks.subprocess.SubprocessHook"}
{"timestamp":"2026-08-31T16:53:07.964299","level":"info","event":"\u001b[0m16:53:07  27 of 30 START test not_null_fct_orders_order_id ............................... [RUN]","logger":"airflow.task.hooks.airflow.providers.standard.hooks.subprocess.SubprocessHook"}
{"timestamp":"2026-08-31T16:53:07.966225","level":"info","event":"\u001b[0m16:53:07  28 of 30 START test unique_fct_orders_order_id ................................. [RUN]","logger":"airflow.task.hooks.airflow.providers.standard.hooks.subprocess.SubprocessHook"}
{"timestamp":"2026-08-31T16:53:09.534920","level":"info","event":"\u001b[0m16:53:09  27 of 30 PASS not_null_fct_orders_order_id ..................................... [\u001b[32mPASS\u001b[0m in 1.56s]","logger":"airflow.task.hooks.airflow.providers.standard.hooks.subprocess.SubprocessHook"}
{"timestamp":"2026-08-31T16:53:09.551643","level":"info","event":"\u001b[0m16:53:09  26 of 30 PASS accepted_values_fct_orders_order_status__Delivered__Cancelled__Refunded  [\u001b[32mPASS\u001b[0m in 1.58s]","logger":"airflow.task.hooks.airflow.providers.standard.hooks.subprocess.SubprocessHook"}
{"timestamp":"2026-08-31T16:53:09.580250","level":"info","event":"\u001b[0m16:53:09  28 of 30 PASS unique_fct_orders_order_id ....................................... [\u001b[32mPASS\u001b[0m in 1.61s]","logger":"airflow.task.hooks.airflow.providers.standard.hooks.subprocess.SubprocessHook"}
{"timestamp":"2026-08-31T16:53:09.586721","level":"info","event":"\u001b[0m16:53:09  29 of 30 START sql table model marts.mart_delivery_sla ......................... [RUN]","logger":"airflow.task.hooks.airflow.providers.standard.hooks.subprocess.SubprocessHook"}
{"timestamp":"2026-08-31T16:53:09.588013","level":"info","event":"\u001b[0m16:53:09  30 of 30 SKIP relation marts.mart_restaurants_performance ...................... [\u001b[33mSKIP\u001b[0m]","logger":"airflow.task.hooks.airflow.providers.standard.hooks.subprocess.SubprocessHook"}
{"timestamp":"2026-08-31T16:53:11.108098","level":"info","event":"\u001b[0m16:53:11  29 of 30 ERROR creating sql table model marts.mart_delivery_sla ................ [\u001b[31mERROR\u001b[0m in 1.52s]","logger":"airflow.task.hooks.airflow.providers.standard.hooks.subprocess.SubprocessHook"}
{"timestamp":"2026-08-31T16:53:11.129048","level":"info","event":"\u001b[0m16:53:11","logger":"airflow.task.hooks.airflow.providers.standard.hooks.subprocess.SubprocessHook"}
{"timestamp":"2026-08-31T16:53:11.131651","level":"info","event":"\u001b[0m16:53:11  Finished running 2 incremental models, 6 table models, 15 data tests, 7 view models in 0 hours 0 minutes and 20.16 seconds (20.16s).","logger":"airflow.task.hooks.airflow.providers.standard.hooks.subprocess.SubprocessHook"}
{"timestamp":"2026-08-31T16:53:11.344625","level":"info","event":"\u001b[0m16:53:11","logger":"airflow.task.hooks.airflow.providers.standard.hooks.subprocess.SubprocessHook"}
{"timestamp":"2026-08-31T16:53:11.346523","level":"info","event":"\u001b[0m16:53:11  \u001b[31mCompleted with 5 errors, 0 partial successes, and 0 warnings:\u001b[0m","logger":"airflow.task.hooks.airflow.providers.standard.hooks.subprocess.SubprocessHook"}
{"timestamp":"2026-08-31T16:53:11.349699","level":"info","event":"\u001b[0m16:53:11","logger":"airflow.task.hooks.airflow.providers.standard.hooks.subprocess.SubprocessHook"}
{"timestamp":"2026-08-31T16:53:11.351887","level":"info","event":"\u001b[0m16:53:11  [\u001b[31mERROR\u001b[0m]: in model dim_date (models/marts/dim_date.sql)","logger":"airflow.task.hooks.airflow.providers.standard.hooks.subprocess.SubprocessHook"}
{"timestamp":"2026-08-31T16:53:11.353810","level":"info","event":"\u001b[0m16:53:11    Database Error in model dim_date (models/marts/dim_date.sql)","logger":"airflow.task.hooks.airflow.providers.standard.hooks.subprocess.SubprocessHook"}
{"timestamp":"2026-08-31T16:53:11.354004","level":"info","event":"  003001 (42501): SQL access control error:","logger":"airflow.task.hooks.airflow.providers.standard.hooks.subprocess.SubprocessHook"}
{"timestamp":"2026-08-31T16:53:11.354078","level":"info","event":"  Insufficient privileges to operate on schema 'MARTS'. Your primary role ACCOUNTADMIN must have CREATE TABLE granted on SCHEMA ZOMATO.MARTS.","logger":"airflow.task.hooks.airflow.providers.standard.hooks.subprocess.SubprocessHook"}
{"timestamp":"2026-08-31T16:53:11.354213","level":"info","event":"  compiled code at target/run/zomato/models/marts/dim_date.sql","logger":"airflow.task.hooks.airflow.providers.standard.hooks.subprocess.SubprocessHook"}
{"timestamp":"2026-08-31T16:53:11.355743","level":"info","event":"\u001b[0m16:53:11","logger":"airflow.task.hooks.airflow.providers.standard.hooks.subprocess.SubprocessHook"}
{"timestamp":"2026-08-31T16:53:11.358968","level":"info","event":"\u001b[0m16:53:11    compiled code at target/compiled/zomato/models/marts/dim_date.sql","logger":"airflow.task.hooks.airflow.providers.standard.hooks.subprocess.SubprocessHook"}
{"timestamp":"2026-08-31T16:53:11.361187","level":"info","event":"\u001b[0m16:53:11","logger":"airflow.task.hooks.airflow.providers.standard.hooks.subprocess.SubprocessHook"}
{"timestamp":"2026-08-31T16:53:11.363147","level":"info","event":"\u001b[0m16:53:11  [\u001b[31mERROR\u001b[0m]: in model dim_food (models/marts/dim_food.sql)","logger":"airflow.task.hooks.airflow.providers.standard.hooks.subprocess.SubprocessHook"}
{"timestamp":"2026-08-31T16:53:11.366104","level":"info","event":"\u001b[0m16:53:11    Database Error in model dim_food (models/marts/dim_food.sql)","logger":"airflow.task.hooks.airflow.providers.standard.hooks.subprocess.SubprocessHook"}
{"timestamp":"2026-08-31T16:53:11.366376","level":"info","event":"  003001 (42501): SQL access control error:","logger":"airflow.task.hooks.airflow.providers.standard.hooks.subprocess.SubprocessHook"}
{"timestamp":"2026-08-31T16:53:11.366465","level":"info","event":"  Insufficient privileges to operate on schema 'MARTS'. Your primary role ACCOUNTADMIN must have CREATE TABLE granted on SCHEMA ZOMATO.MARTS.","logger":"airflow.task.hooks.airflow.providers.standard.hooks.subprocess.SubprocessHook"}
{"timestamp":"2026-08-31T16:53:11.366549","level":"info","event":"  compiled code at target/run/zomato/models/marts/dim_food.sql","logger":"airflow.task.hooks.airflow.providers.standard.hooks.subprocess.SubprocessHook"}
{"timestamp":"2026-08-31T16:53:11.368885","level":"info","event":"\u001b[0m16:53:11","logger":"airflow.task.hooks.airflow.providers.standard.hooks.subprocess.SubprocessHook"}
{"timestamp":"2026-08-31T16:53:11.371083","level":"info","event":"\u001b[0m16:53:11    compiled code at target/compiled/zomato/models/marts/dim_food.sql","logger":"airflow.task.hooks.airflow.providers.standard.hooks.subprocess.SubprocessHook"}
{"timestamp":"2026-08-31T16:53:11.373971","level":"info","event":"\u001b[0m16:53:11","logger":"airflow.task.hooks.airflow.providers.standard.hooks.subprocess.SubprocessHook"}
{"timestamp":"2026-08-31T16:53:11.376683","level":"info","event":"\u001b[0m16:53:11  [\u001b[31mERROR\u001b[0m]: in model dim_restuarant (models/marts/dim_restuarant.sql)","logger":"airflow.task.hooks.airflow.providers.standard.hooks.subprocess.SubprocessHook"}
{"timestamp":"2026-08-31T16:53:11.379560","level":"info","event":"\u001b[0m16:53:11    Database Error in model dim_restuarant (models/marts/dim_restuarant.sql)","logger":"airflow.task.hooks.airflow.providers.standard.hooks.subprocess.SubprocessHook"}
{"timestamp":"2026-08-31T16:53:11.379761","level":"info","event":"  003001 (42501): SQL access control error:","logger":"airflow.task.hooks.airflow.providers.standard.hooks.subprocess.SubprocessHook"}
{"timestamp":"2026-08-31T16:53:11.379853","level":"info","event":"  Insufficient privileges to operate on schema 'MARTS'. Your primary role ACCOUNTADMIN must have CREATE TABLE granted on SCHEMA ZOMATO.MARTS.","logger":"airflow.task.hooks.airflow.providers.standard.hooks.subprocess.SubprocessHook"}
{"timestamp":"2026-08-31T16:53:11.379960","level":"info","event":"  compiled code at target/run/zomato/models/marts/dim_restuarant.sql","logger":"airflow.task.hooks.airflow.providers.standard.hooks.subprocess.SubprocessHook"}
{"timestamp":"2026-08-31T16:53:11.382690","level":"info","event":"\u001b[0m16:53:11","logger":"airflow.task.hooks.airflow.providers.standard.hooks.subprocess.SubprocessHook"}
{"timestamp":"2026-08-31T16:53:11.384406","level":"info","event":"\u001b[0m16:53:11    compiled code at target/compiled/zomato/models/marts/dim_restuarant.sql","logger":"airflow.task.hooks.airflow.providers.standard.hooks.subprocess.SubprocessHook"}
{"timestamp":"2026-08-31T16:53:11.385887","level":"info","event":"\u001b[0m16:53:11","logger":"airflow.task.hooks.airflow.providers.standard.hooks.subprocess.SubprocessHook"}
{"timestamp":"2026-08-31T16:53:11.387213","level":"info","event":"\u001b[0m16:53:11  [\u001b[31mERROR\u001b[0m]: in model dim_customers (models/marts/dim_customers.sql)","logger":"airflow.task.hooks.airflow.providers.standard.hooks.subprocess.SubprocessHook"}
{"timestamp":"2026-08-31T16:53:11.388671","level":"info","event":"\u001b[0m16:53:11    Database Error in model dim_customers (models/marts/dim_customers.sql)","logger":"airflow.task.hooks.airflow.providers.standard.hooks.subprocess.SubprocessHook"}
{"timestamp":"2026-08-31T16:53:11.388951","level":"info","event":"  003001 (42501): SQL access control error:","logger":"airflow.task.hooks.airflow.providers.standard.hooks.subprocess.SubprocessHook"}
{"timestamp":"2026-08-31T16:53:11.389202","level":"info","event":"  Insufficient privileges to operate on schema 'MARTS'. Your primary role ACCOUNTADMIN must have CREATE TABLE granted on SCHEMA ZOMATO.MARTS.","logger":"airflow.task.hooks.airflow.providers.standard.hooks.subprocess.SubprocessHook"}
{"timestamp":"2026-08-31T16:53:11.389364","level":"info","event":"  compiled code at target/run/zomato/models/marts/dim_customers.sql","logger":"airflow.task.hooks.airflow.providers.standard.hooks.subprocess.SubprocessHook"}
{"timestamp":"2026-08-31T16:53:11.391015","level":"info","event":"\u001b[0m16:53:11","logger":"airflow.task.hooks.airflow.providers.standard.hooks.subprocess.SubprocessHook"}
{"timestamp":"2026-08-31T16:53:11.392659","level":"info","event":"\u001b[0m16:53:11    compiled code at target/compiled/zomato/models/marts/dim_customers.sql","logger":"airflow.task.hooks.airflow.providers.standard.hooks.subprocess.SubprocessHook"}
{"timestamp":"2026-08-31T16:53:11.393916","level":"info","event":"\u001b[0m16:53:11","logger":"airflow.task.hooks.airflow.providers.standard.hooks.subprocess.SubprocessHook"}
{"timestamp":"2026-08-31T16:53:11.395191","level":"info","event":"\u001b[0m16:53:11  [\u001b[31mERROR\u001b[0m]: in model mart_delivery_sla (models/marts/mart_delivery_sla.sql)","logger":"airflow.task.hooks.airflow.providers.standard.hooks.subprocess.SubprocessHook"}
{"timestamp":"2026-08-31T16:53:11.397051","level":"info","event":"\u001b[0m16:53:11    Database Error in model mart_delivery_sla (models/marts/mart_delivery_sla.sql)","logger":"airflow.task.hooks.airflow.providers.standard.hooks.subprocess.SubprocessHook"}
{"timestamp":"2026-08-31T16:53:11.397260","level":"info","event":"  003001 (42501): SQL access control error:","logger":"airflow.task.hooks.airflow.providers.standard.hooks.subprocess.SubprocessHook"}
{"timestamp":"2026-08-31T16:53:11.397532","level":"info","event":"  Insufficient privileges to operate on schema 'MARTS'. Your primary role ACCOUNTADMIN must have CREATE TABLE granted on SCHEMA ZOMATO.MARTS.","logger":"airflow.task.hooks.airflow.providers.standard.hooks.subprocess.SubprocessHook"}
{"timestamp":"2026-08-31T16:53:11.397744","level":"info","event":"  compiled code at target/run/zomato/models/marts/mart_delivery_sla.sql","logger":"airflow.task.hooks.airflow.providers.standard.hooks.subprocess.SubprocessHook"}
{"timestamp":"2026-08-31T16:53:11.399392","level":"info","event":"\u001b[0m16:53:11","logger":"airflow.task.hooks.airflow.providers.standard.hooks.subprocess.SubprocessHook"}
{"timestamp":"2026-08-31T16:53:11.401113","level":"info","event":"\u001b[0m16:53:11    compiled code at target/compiled/zomato/models/marts/mart_delivery_sla.sql","logger":"airflow.task.hooks.airflow.providers.standard.hooks.subprocess.SubprocessHook"}
{"timestamp":"2026-08-31T16:53:11.402266","level":"info","event":"\u001b[0m16:53:11","logger":"airflow.task.hooks.airflow.providers.standard.hooks.subprocess.SubprocessHook"}
{"timestamp":"2026-08-31T16:53:11.403691","level":"info","event":"\u001b[0m16:53:11  Done. PASS=24 WARN=0 ERROR=5 SKIP=1 NO-OP=0 REUSED=0 TOTAL=30","logger":"airflow.task.hooks.airflow.providers.standard.hooks.subprocess.SubprocessHook"}
{"timestamp":"2026-08-31T16:53:13.400226","level":"info","event":"Command exited with return code 1","logger":"airflow.task.hooks.airflow.providers.standard.hooks.subprocess.SubprocessHook"}
{"timestamp":"2026-08-31T16:53:13.403237","level":"error","event":"Task failed with exception","logger":"task","error_detail":[{"exc_type":"AirflowException","exc_value":"Bash command failed. The command returned a non-zero exit code 1.","exc_notes":[],"syntax_error":null,"is_cause":false,"frames":[{"filename":"/home/airflow/.local/lib/python3.12/site-packages/airflow/sdk/execution_time/task_runner.py","lineno":877,"name":"run"},{"filename":"/home/airflow/.local/lib/python3.12/site-packages/airflow/sdk/execution_time/task_runner.py","lineno":1164,"name":"_execute_task"},{"filename":"/home/airflow/.local/lib/python3.12/site-packages/airflow/sdk/bases/operator.py","lineno":397,"name":"wrapper"},{"filename":"/home/airflow/.local/lib/python3.12/site-packages/airflow/providers/standard/operators/bash.py","lineno":232,"name":"execute"}],"is_group":false,"exceptions":[]}]}
